# This file is @generated, regenerate by re-running test with `-- --env BUCK2_UPDATE_GOLDEN=1` appended to the test command

root//:foo buck-out/v2/gen/root/1ef78538d8598cb2/__foo__/foo.txt


root//:foo /abs/project/root/buck-out/v2/gen/root/1ef78538d8598cb2/__foo__/foo.txt


buck-out/v2/gen/root/1ef78538d8598cb2/__foo__/foo.txt


{"root//:foo":"buck-out/v2/gen/root/1ef78538d8598cb2/__foo__/foo.txt"}
