# This file is @generated, regenerate by re-running test with `-- --env BUCK2_UPDATE_GOLDEN=1` appended to the test command

Command failed: 
Error looking up configured node root//:select_keys_error_in_dead_branch (root//:p-cat#79093ed7ae0e9c0c)

Caused by:
    0: Error resolving configuration deps of `root//:select_keys_error_in_dead_branch (root//:p-cat#79093ed7ae0e9c0c)`
    1: Error getting configuration node of `root//:doesnotexist` within the `root//:p-cat#79093ed7ae0e9c0c` configuration
    2: Error running analysis for `root//:doesnotexist (<unbound>)`
    3: Error looking up configured node root//:doesnotexist (<unbound>)
    4: looking up unconfigured target node `root//:doesnotexist`
    5: Unknown target `doesnotexist` from package `root//`.
       Did you mean one of the 33 targets in root//:TARGETS.fixture?
