# This file is @generated, regenerate by re-running test with `-- --env BUCK2_UPDATE_GOLDEN=1` appended to the test command

{
  "failures": {},
  "results": {
    "root//:dir1": {
      "configured": {
        "<unspecified>": {
          "configured_graph_size": 1,
          "configured_graph_sketch": "V1:chKDCh8SRBJuCt8O7xCkDokO0RJjDKEVFghjEngOzwikDpQWagx3CXgOERGKCsMLkAc1E1MUNAyWDysNvg0mHKcK8AjGCgAQARMdD6wNohJ4FSQPGQ8wEogK3gswC40GRBQGDtMRiwZtCHoLXgu1GJ0LmhDSHLAVrxPBCPIOEQrSEioPJwdwFBULsQjAC8YMSB7aDM8KbRAcFXIRhg1SFBIOfQtYERYM9gqhF5IO7AlAD+UTxgZgCKMH9ApPFDgJDBcrDSgPnQmgCFoKwRiAD3YKPBHZCeUZPw/uCtgJNxADEX4M0Q8XF8kMvAtKEPcGuhMcDsEMTAxdC6EH/A4rCnUOIAnDEooJ0BUKDMwVcwkwBjANFAyED7kNXQhBDPsMQBFLDoAIoA2jCpYIKhDdDxESNBMAEQ4KAQv+CoUqwhDND/8QaQdVD5wJJBZhEdUODhAuEd0PPw1ODmoSMAvNDzIM3A7oCYQK4we/Dn4LmRQhDEYOrAaBCg0GqQyNErMSQg28DIoM9QvEC+kJbg79CxMJ8wkXFbYRmgxqGdUH8gqpF6gUFQt5DUMW3w5QGJgMcRP0EU8MGxS3CNoJ2gqDCqcTCRfLCR4J5BQQDEsJAAtLBwUKVhcNDiwRWQ8TCgcIbgmqCkwQMxciE34H8Qt/EuUMEhOoCekMcwtcCMARhg7wB/wInRFTEfEM9Ar5CSQTnw1hClwHbwvfDB0LuwhdD1UG7hASCTIMBQ4AD44OiAt7D0oP2A0vCQccHBFJB8IPIgVgEJ4K9QhPFLwLoxBxEg4G+AoED3EUYQxtDQcIzBSZB+4Jvgk2Cc4W/QfeCa0PIgkODWMHrwlHCWoaJA8QD2MIKhF9CR0PlBAeDRgPzAtcCQASfBUWGaMNbRFeDOQn5hBpCNQLgRFYC6YPcAqlEkoKZBPED+sMJhQ+Eo0KPgppCqQF1A2/EbAQlAqeD3ASYRFQDDoP2wqnDygHcwvsC70NoxIMBlwR7g1TFtgLMw3oCloMZQt2CU8LdgszCwYP0w71C7MPuR1jEVcGDAn4BogPRQrWDhoLcgvECTsSWxEJD88IQw7BDksKLwe8ChsbCieIBhMIbxCEDV0VoAsXDrwKigz+DxgQvgizCr8OygzcEQQK4AeADYgLIQjXDdML/g/8DZgQvQpPCEEOZA32DMoMvQneEyUPNgy/HLoOYxLyFRkQcQ+ZCzoKwhKqEUwOwBRuBt4WXxQhDTAKzQnrDKkJtxPtBvQITwpKB5YPAA5NDDQMGBRTB2UJ1wytGQ4OBgY+B0wMDgwUCM4YdA4PC+oHkAjpBzkMUgp/CoUHigpLDEsQOwgaDEAKexEfClUL6QiGEJcWXwoRD3EM+A9KCtgOOQxEDp8SLgt+DRgQJRDtDhkUFQoMFP4OGg6ND00P9QsCDK4c8BLHDJwT9giqDPMHUwqqChoSaA0jEVcNSgqmCiEKWgfuCkwJKgsEDrEY7xYtD2cKgA98DDoLIguRDtcdrgxOGyQGMhApEGYLlQoyEIML7gm7D6EOLgtkFTgQ1QY9EfgJJxDMCm8DoAkUE6kPUQmYGCQWJBIMC50JLA+YEjcMPBCkE4cNPg2TCNwQ9QfOD7ga1wnSDnkPMA/iHPwJbwy3DqcQJAxgDTcIEAs8FOMQgg3/CLsIBBKwEyMIBw9rDO4F2Q5mCkIJBwhYBjsVWATLDtgHSBOlDw4MeA88FOIUTQu/EAwNHxKLFKgNkAoLEn8Vtw4+CTMQ6RAkB4sMQwlMEOUMAQ/7FYoONQ3XDL8PRgmeEVwLCxeQDc4KqQhADmkKRA1sFScMrAlWDBQKrgm0Ct0J3wzIDN8O5AwrEgIH/AcCDvwHEBJmEi0JUQj5DR0S3wcaDy8NtQ52CegPXBhGCNIRGg6GFYQLgBUkE2kLjgqcEAgLMguRC+QMDRCvCUEYdwuaCrIN3w65DLwKtgoeFMULzgoBCDUMLBT5EtsRYA8fEbUKAgwvDcMOCgsEFi0RYgoKFPgOogx/EG8LTRQnCx0OGBBOD7EHsglkEPUJYgbLDogTphqiDKAOLAs4CRUHhwowCoISvRGrDAYM8glvCQkT/QjoEcYICBOgD1sLeRLkEAgOFxCuDAUJFSFtE+QJ7wxGEiQR/gqOB1MS2hK8EMULkQkHDKIM2A0ZEOkNEw3oDyAKgAzTDtUMBA6vCJsSjAtsDZ8QkA0UEtcQyQoIFBgNkxgSCjALahiaE5oIvAi8CYwVXBH6BhMKyQlwD5IPaAvqDEQXTAp1B2sKWAqWDI0UcAcvEr4SgwjGDXwJRwzfGtgK7A5pCq0HwgnSGrILcAe2Dr0OlgbgD9wSXA7gCDEMZBSyE2oLNxKADokUWRFhDToHrxGwCdALeAjmEioKyw4wCdkHlgupDcAMJBCPGDgIhRC5DuEKYRqLFJsO9QktDOMN2AwtDMMU3wzYBycM9QgmDyoP/RgjDUoJdhrhESATOxUMBgwQiQ5+CU0MCghiBsILCBHmEDwHNxkeEAMJRQYfHT8KBgrJDKwKrw8fClcNkw1hFrUJlBKRCaAKXg17DrgJfQyLCLoNHQzDFvcKtBdhD4gTug74EAoRbA5aB20NmgtaDrgLkQ7QGCsIpAtcFpAYIxmHDv8FphBxC20KXhKSC1ALGQ5OEjUS1g1TDrwJuxLHCqEOiw4vEPANdwydEl0MrwmTC98MWQhsC/gEbglpCmQOEhEYD1cJ5wsrE10NOQwHI/8PCw3FEzoL8wxPB5wNHAkPCKAGcwj6C3wKSAozCocMbQgcD7wQLAy3CaMLMQ1OC7kLSgpuFSMH/g3gB10Wzw2KDYYRdxAEEdgUOwvmCLMLbRBPDjUKHhFPCYQNQBEZBkkMZw26DM0OJAzxC+cNhgtIB64M9xRGCLkRGBQ3CqIKkgoqCWkWqBNJE+sgEA6QEVUL6RAGEtUMCg4vB2oM6BDMD5cH8w35B0wUtw77COIOHA/AC6kIywlZET0NBAp8CyIPXwwOCiUa7gifC3MSHQ2NCD0SoxDlEU8QBA0nCcoKUAp8EUIKDweeDecOhxfxDbUOMg1sC54RfRIrBggQGAtqC6YTNgnHCIoKHRbNDaEPYRXcCgQKNQf1DacPogqlC6YJRBV7CQIHjQtyCckHyxDEBhwXHxTcCGsaEQpGFgUGlg2zDJMNTBAPDXcj9AyyBWALOBaaDqwHOw0uFisQyQpaB4cJYQnVFWsIjQsGDEAHKxNQG3gGlQqMEiQLSAtECvYGrAosChAdug0SEJEcFQeNE2cQggjGB0YH5RX/DNYMSgxXGugO5weMFTEN0RFgDxILQxAZCIYTJQ+lCc0ObgrtB9QL3gumC8IkZw6fC2oPyAo9DGkKtgpbD7YPEAo/Db4JaAiFDNUL7ApuEPcIBw6kDq0G5g1aDTYSEwnaCdcLERseDPUQZAvmCt4Mog9XCTcHdQlmDsoH7gsoDCMNOA6xDBQPqgdsDVILYBzqB2IqPAbuDbMKlw2gGBQRmxdXCzoJEBBvCSoQIw7GEBUM6Ar0DI8HvQ/OEosJpQl7CT8NFRDbFksNnwZUDqAT3RB4ED4UVQvkD1QIWgcBCCQP1RddGvIOIAvDDj4RYgl6CBgOtAmuDaEKTgrkCdANUQ1oCOcU+A1jEhsMIgvkFPQKcQcUETMJJg0XDj0LqApWE8ULowfgFFcWUgp7DC0N8BN5DH8Z0hKgBjEapgjwDk4S+goXD4sP4BUVBgYQhw3FDj0LWw14CoIPKxNkEDIQeQk5EZwQUQ6WCp0L+gt4C3cQMAamCB0TuwjpCNEI5hDADtYMZRLHDykKXAn3DZkN5wgICY4QvgxzFjYMzRwCDCALnxi/EbgNnxEzCToKeBDmCHAvMBHWCNUVgg2cBh8KuAm3GdYG2xBfC88QNR3bCgERhw5xBxIKegoGEPIg4gg9Gz0NuwqLDHUL6wojDL4T6gzBDt0G4AgrCesJTSCmC5wKyAdqB8ERVAaHDNwJ1Q9+EIgU3Q3ACvYKEwnYBvoMpgu7C/UPjRTlCBAHdxCtD+QJ8AtIDCIWXxNcDwIbRAoAC/YP2wfyEO0ISArRBu8LLBNXEx0N0Q85Cg4Sfw8qEfwKDhCHCwMNrBy7COAGgBsIFU0FTQ22DaYKdwqMFPAJeBDBDaEOBAvtDOYKZwsqDuoOOwqSDCcSDQy7BxsWtgWGFc4Krw/WDs8Hkwb8EKYLQQzNG6UJ3AkrCPUGahNJDIkJCjeeEKsNYxhGDmQO8xK/B5IJpw5tDhQRLAyhDi8HehBuCJ8OFgs7DiYVMRIbDhAMbA/9B6YKcQfYEMAN5AkVGYgPIRiFCdUNsA/rDVENcxW/CLERqxKPCnQLLwwUC/YMLAmGE7EJhQ/iBkQbRQj6G9MREgzIEPgTPgtNEEUL3Q5dCJYIeQ5oDngQGA6rCgEM/AyJDX4JfhO9FIQPGA/JDQcHMBECDJwTsAbTC3wPGhTLDJ8SwBWJCrEPjSSxDYQKsgv/DL0GsQ4ADMMN1w3yCHsKDxCzB9khYAa+DbgLUAk3GBYSHAyWDmAObQ7AFSkP2xNFB6oYWREdClYNnguUDCwObAjDBjcLAA2ADBEUAA8uD/kVsQ/mDQMK9QtRDUEQVw2UFUsKaBK5F4QV/QReCZoMHgi1DK0ccRHHChALLwzgEHMLchP2CYYJsgs4EygK3gx8BisSZg3uEf8NCg/WHHkNOQcPDDMNtgrrCYoYFQjlFQoHrQ4QBigKGQ5XD4oc0g+ZC7wNPAvYBi8ODw2cDVsZBBA2CEoPRhCzEaUK1AixD3sSJQiqCOcWdgwyEfgIoAtpCxMHvxKKBp4OsRA+BvsJpQgvCtwRCgvOCW8ONwszCi4KPwjCDzsKSgskEKUHlA3vEGgNdBFvDgoJgw7BC6oFvghBE+QQFBIHDZQLOg+ODIYNTAa5FcALricOC2gU3BPCCPsJRAy6EFAM8ggjCIsNDREWC+gLExK8C/wFxRqqD4UOMxIoC2sLMA8eDPcGXRE2DWIdJQuWDOEKOgWVCeAIzgpfC/EJcQyyCMQKDBZ5CqQMQQeDEe8QdRVhCrQRvwjeCYYKWhSpDd8GbA/DDoQT5xEFDikOmxBwDoAN7wzXF34NFQqdBwsWQwx2CaMK0w7ZERYLKRYTCesLARD8Cd4Mqw3sDY0KGAxjCI8KAg6ZD/4MhRa2DEIOsgq9CpwJHgl1DVMKZQzUDlANNQ1lEq4ZURujC/8ImQp6B5wOhQtrENAOvAoEE30KaQQECQAMSxE7CKMKsw1kEhcPpRDsE9kHLQ/ADCEMmAyfE5cNhw0rEy4H7QgpDFARdg4ODs8Tdgk8C30F9g3iD74RLA5zDaQQHQsmCmkLNhDIBXMNexOVFBcNghJ/CVMKswk9DtoLngyfDeEM9wn8DfUU0AZlF6QeSRWHEVIOoBAcCfwGlRJYDqYIWRQZC8kL5w9jCIYHcwwCDcsNxhoLCSAIhg64BjwJmgssCkEM9QwQB6QOBBByDzIWFQ+cC3IIkgzzD/cF9gmaCCoSGw0aCVwR5BQ6DzcLsCFkCbQLPAeYFrwP0BCACrwLEB2ODHgNdQhcF6INoRX2HTkVuhYZDVcGAA0vEO0JzAkKC0kHOQqGDOQOog++DzMLHhBJDOsSDw6pDiAJzhKoCKYRXQwICZsQ4A0tDoAOeRm+DLsSFw6mBcYMOxCVDPIaLQrfD4QYTQ3yB2oPVg1HBygMggxADFcKwQ2xB0cJYw6EDWwP3AY0D/8P+wpNB24Mmw/cDNoQaAyrFQENbRbbDbEYsgg3Df8RfgdtEFwOpgrOClkQxQw6DNUQKQqIFLoJ8A0eCwsMoQ8sEFsPehBGDLMODA33FSkXcQ7cC4kSegxqCmcOlRVZCy0OfhDSD2UL7w29Ce0MXAoaCfwIeBTdC8wQ6wQTFGUOiApTCnUSDw8RB/EMugzaDOELbRjcB/kK7QpzDgQL+RHhFmEQBhEuDJIe1xMIEkwJYA5tDHIRFwl6CZ0GVBW7CX0I+AzPDuwOmgzlCF4OIBITE6AH6gtgCcoQww6UEM4UcA4FB3kL7QoiDk0QdAf7EDAX5AWXGwENewiACwwXVxMaElEWuwvaCQQOPwXiEjMIeAwjDRAO2wwgD/QRyAsdC2ME/AxgCroTNgwgB1MTEwnPCJsL9g/0EGUQGQ/3CVUNIA4YFsMDFguxDGAKVA7gMIMMZBKYDQ4Jtg+TDvwKxAhFChoPcgp2D+8Maw6kCcMMyQ15CnIPRwtCDk8MqQuWCx0MJAmpEVwOcwpiDM4NKApwC/wZgwnJDGATqRT1GGIMRhIpCcYIIRKwDLQPDBJdDdcHHBO6B3cVRxJqB+oQ9iWkFmQK7A0qD3EIsg5FDEkLKgomE7sOrQoGCt4S0gq6FfIHFBBjDVIK3wt2F2kPiRmVCKMPAA5ZFnQPbAl9JA8T/xNoCHsNiwrdDAIKVQnYEO0Q+QmZD7INBRYDGu0T0w+qDTQLaw+NDaMPOhDHEkIWDgqTDHMKRQs/Cw4IeA2RC+USmA/GC7kS+wesChsJxQp3De4SEgx+CzcJaAwQBnYXeRCLCtoMpg7cGF0J+hLGB64REBBgERULfBolC0MQnQmfEoIPgw/kDqUO/xT+DrgMWQyCCq0H6Q4pBcwIrA0rDCET3RFEDlQNiBNZDm8NUgxZDGAHkwvKCZcU/REfDJYJeQpsC4kGPgzxCCIJ6gzAFsIMJw8MB3cLTAwCEoAI1xBjEtcPFRLFDNQPswqXFWkLCA9kCKcJHAlGBh0OjwruBuoKoAltDIUPvw/TDS8TNQ+wDAQJThGuC1IQrhP6Dy8MpwctD7sOsRTsDUQXsQx7DxQKFQlcDSQQRBSkDvMP1A7xEhgNlRo9B7kQjRQaDMMOtQShDYcHLRJpFd4P+hQoB0AOhglaDeUK+w/jDmAJ2gsDENARthoOD5MU2guuGT8MwA9gCcQH7hjiErEMTRUcD9INVSCtFx4GThN8DNkQcwuQEGIZvhDrBg4JwAuuCZAR9xPJB1IQVRE8GFwMHQ+VDDQNtQhyCu0UQws9CvIKHRPqCQkLxQcdDygMnxASCIkT1wjICYwRjQ5TCOkGbxiwDIYKwQm4CoUKIAu6DzsJcQ2RGmENfA+aCu8YLhCRFhgKFg+QDZsJOxEoCqMGGA2lEScMigcJC4EK/hV7CU4JkBJGEI4NPA1UDJ8LzQt0CqIM3RE+EioSPQ37D98GCA5wDL0KsAvkDtwQ7wnCCcgXGQyGChgMFhDDBlEIrAnBDHoLGRG/E94FRAwnC2wJpAuLDfIKTwiuDVoNiAyqGrgWlxMBDdMH/RVMC0sQ1AwGCbIQDQmVDfQU5wq5DcIV+wv6B1ALhgpcEIEHyRA7DGwayQYwE5EF8Q0YGz8MGAk0GI8Ozw5rD7gRNw0eEmYPeQxbCGEKWhO+DBAJNQ29Da0N9ROGCYAQxhPdDUcbhg1EChIMyROeDlAIbQ1tDTEP4xkBDcQHHAtXC/QPshTYENkIKgtMChkK4wqBDhMW7whnC0IINAt7F4gPghCMDOUTYgsPD68XfQsBFycKZwohEnkZKh3aBiANlwyfGKsIlBORD+EQwhNDCDAX2BC5ERoNixLACz4MlRBhDFQIjwvLENIMJRE+CU4IMBiuC/QRUxM8JNcHZgYdCW8MIwcdDjoOWwVDDcMNJAtfEqEJ4we4DDMI8A2ZC/0JQg9LGjkJxg5BB/8RCgloC5YPUQ1WE7EMvAgfCDcPOw36CWYP7AlBCn4KPgrIDzcINhOsDjcR+wxuDRIQ1wo8Ea0GuhGdC98LqiGuEGsKMhIAEXUNLwtlDmMM/gUcEb8Uhgk0DHUI0gs2DkkMzw1GDWoKHws5D6wPvQ+QCBURNA+yCjEP0AwHBR0O+hO7ClQKZQe0DfYOqA74BjwOMQ2oCjcLZglhFv4S1gnnCaoLVCDxDVkS4xKfHVoJBhQ8DywNexMoDMwLiAaOBaoNmQ22BPIKkBctDHkLYBDTDXQVBwuTCkMLMwa9D7AMJQqTBwcS5Q16CUMKThCtFA4IPRSUB5MKExKGCxITBQv8DGoTuBJZC9gKcQcyEt0MJAwCCQQSyQYYCyQOZwyqCA0PwAvZEAQKRxu3DDoI+QjsDSsX8RdXDe8MLg59Ck8LwhBLEk0W5QdaEDUVPhKsGUMLBgeqEeURxg0qCqUOKQrEFoYPFwiGDgYPewiyCyobMw7pE/kL+xPFEiUUrwYDDAURRxEjDJcKXw4fDg0SaAo2F2MJshbnERUKIQrhB58JkwpBDZ4JDRVLC6wKRQ2DCkEOew9MCLsLTQgzCngMZwxdFHYN8gjCETILtQ4cGTcPUxekC60RowjIEJQHqw79D/QFwgebBwcHCxYaCrEJ6AsEDy4PUAxICWMPHQroCIQLGxMmFQEICxC/DWMIqRgWDfoKVAw+BcwM+wr+Ch8NnAjNDXgSQhvDC38ONQoqFPQVdQU5CD0O8xILCggOBRF/Dp8Qxgc4FMEMfBH9CIoNJBB8ERMLvAZyIMsM2AvHCukPZQZPDe0YYBvIB34LBhPMGFoP1xbKCGIKlwdLDPgIXx2eDMsPBw+kEGMKVhFtCaMenAbWEVYLfxdADucMxgoUDLMOBhFtCjsROhxREzwHPBDQC6MPYw4sFSYUvwX6CDcM6gfiESEIFgZlCGwM9QpfEYgN9ATkEmITQAkFCLEKhgZiFFgGahP+FxYUzwvxLZsQOxA3GL8ZsgbPD20MoQ2LC1cRXBAXDCMLQw0UC5AOjxXcENAP0AevC6QJPAxUDEoKlQmzIOcGLg3eDUwLuQy3C0UIaxIuCdYLFw2RDaYQXQhED5cK8wrgDMESNQ5ICsUUOwsPFNMKrBAHETAYLAuJC/0JSgzWDHQJKw9oDroPUwkdE+oWfAneCPEM0w2xBuUQVw+nC6UJaQzrEt8KPRIyCzIMRg24Ds8JvArKCJkKZAo9DXIM9Q8iEM8LjAeRH/UJwRUqB60J4AUSE4cNuAqtCjQQABHsBVYKqBqYC+wXphJdEGUOng+JCE4Jdg+JF9wFqgjkDk0P7QgvCP0K0At1D40Q4g2fBjELkAujDjELQAxzFPwGaw7ICrgTLwokCWAVWgr6DR0RtAzHD1sQbw1hD90SvhBLDocPGAv7BbMGIBDdCPYS8gn4DqUM0QqlBkMHSQwbDF8Pggs6DAENJBcTDV0LgQ/PD/cOSAuIDGgHtRZjCeEUaQiOCfcLCQ+DDw0M7QgbEmENARKID5cJAQkNEsIQhQxpEBgUDhMjDGgQhQzOD3IRSgvjCu8T1QZhCAYNTA0YC/IIvgl9BpQKkxKvC94SYg1sBl0QTxS4DTQP+BAdDyYQmRPjBmQXcAmiD90HCwYaDDcL/AxrErkNBgs/DAcM+goAEzwM+Aq8D5sNYw0rCl4KiAtLEjccWgu6Cl8RABt5CrgP2w0zE3YLNAr2FjsQNAd+DNMZqg1kDIENUQfXBqgPxgpJDtUKgAgsCbQI+w+WD7ISsQ2oB6AKpw6ACuYNHAx7DvMNQw48EkwOhw3ECSQMEhA2CiwNsA9nET0NKAjoEfoLxgjjDCcLIwseDmkJ0gx6D0sPehAQCLoNUg7eBvoMXR01FHUN5Qn/IQQQwAkRCLoKDgpiC70M5Bb3DEohHg6sCBgMiAiqC5URGA6dC34OwwSgEh0KPwbLDOUM7xCfDbQPhh89DG0MrgvEDbEM+BYYCdYKvA7OElAOJQ2kD+cIwA1iCZYVZBVBDwYNtAi+DLgG6Q3sDrATjAvRER8JZgnwDTsMUxMeD4YTrBPdEUwJxA2wEIAI+A/lDpkI/QzsC4oUbwwYChUMGQpzCC0LDBPLEH8SxQqaCz4IVwxQCisP0hK1CgoKeAuRCa8QhgwFEXsPsQyiF2UW/A6oFUEStBRUDM4LWg2ZDGgIcBb3DC4T4xPnCMMJswvyCuMJ+AtHCeYMYww2EvoJshJrDFYIRxP7DNsT/gYGCB4KRwyxEkgNwR3EBSYKdRSIB+IJCwpSFosKLhZ4EIEMMg1UEL0RtxDMCVYGHxidFUsVmgkLDdQM0Qh0C1QLEw4BCjsQiQfYHGkQFRNmFUYWCgZoCfMPCxM9DQkNYBC6CHUHQxIuESgHhRI+C9sSZQfRCmIMhxCQCjIJtQbSC0sL4BWNCIAWWB1bDTAKkQwKCe0M6RK6EUkPYgsnDfwSdx+9CRUP+QctEdMKUgy6FqUJNQzSCQARow3pD2wIbwwVEXcYURESCikQnAs1DGAN/AmNBhIMtg3VEAQLQwgcDiEMEQ1sDecKzhc4GrQZxxg0E/YM0g/KDRMKKxIKDY8TRxp/D/wQggnVD6IRLAqfEVUP1AnRC9YN8A0wEbsN9wzsCe0LxwgSCm0PqQpvDL0L/AydD5oLchWCC6MQnwqQG9MSEguiCSMMXQ8VEWAJ4QpDC2UL1wyREUoIRg8MELcQdBClD90GJwnuC5EKlwqJDCUcmA40Fy8Rxg9eEkAKawpzBhIPARTgFEQTqgceEEMLFhDLHgMQHxMpEH0OaRBwDTEL0w5OCasYzApvCEkNxA7sGkgOgglbFNkM0BPmEMUYMxj+DX8MVAsXDEMXshkxDToO2woxCyoXggtSErwUWRCLCtcKvQ6RETkODA6BBz4Jqg2kE9EDlw5NEYIKoAW6DHsm+xHcDyULdwk0CxAMkA63FVETfwgwCZYJJw79COwJmw0cFEYJ0wsIDZ4LnAp7DLwJVxv5CogJzBHsD6MbfRiCBtsNARSnCBgKJw6jC9UOdgz/EJwMrQo4DLgMIwlZDP4MoQ7bF+URbxArDbEJzw6vCc8Lnw8kDP0IrhOSCswLWQ3gD0YLzg9vEmIKzhIKC6gJFhpADHYNMhCzDP0NsAq5B5QHQAeDErEJ1hNEC4sT+Ao3CNwNXwlyDEMT0gfDEMYQawkHHTwV2wr2CqQIRRacEpIGnQ6UDlgJHA54DBIN9xA",
          "errors": [],
          "other_outputs": {},
          "outputs": {
            "DEFAULT": [
              "buck-out/v2/gen/root/<HASH>/__dir1__/out"
            ]
          },
          "success": "SUCCESS"
        }
      },
      "configured_graph_size": 1,
      "errors": [],
      "other_outputs": {},
      "outputs": {
        "DEFAULT": [
          "buck-out/v2/gen/root/<HASH>/__dir1__/out"
        ]
      },
      "success": "SUCCESS"
    },
    "root//:rule1": {
      "configured": {
        "<unspecified>": {
          "configured_graph_size": 2,
          "configured_graph_sketch": "V1:0BPfFFERMw3HDlwSwQovDXMMqQzaCykOEBHbDNQQew4jEMkZXxSADOcTgBITCusM/hgUDUsMSwx8EJEPggpwFP4PqxbXDOMSIRVCHW8PXxt6Dk0VgA5aC8oLmgyyDyIWsg9kFVMT4xPmDdgS6xSwCZIURRAiC4gUMAybDcAPYxQgDb8SAhInDsgV9hJmFL4M2BDQDV4LIg4AE28PMA0SGRAaTg+eDDYNFQ2/FiYQCRcND8chLBTNEwIO4BEXDMYaMgo0DvwQwA7rDP0PkRLLFZAOKhU1DicQKQwyD/wJeRO/FGkQMBl1EEYLdw1FFYcPQwxnEFsVMBB/DT4LUAnTE1oOfRgDEHcJUAtfDAwRlRGHEOkJvRPXDs4TNhWTH7QVVA59DpIP6AkpCl4NggxrEFoLwhr4E/oe0QqVECQLpA8uGxkVKBiJEPoW5RI8EzYW+BPUDsoVyAwxEyQiLQ0wD2kP4wxAC9kiFRdoFm0ONBMUCx0OrA6nD2kRSh73DEsg8AkxFLoIuAsjELYYfBBpDgAYKBZcFvMWxRHrHwYSZRLpGz8Wdg/iDUAU0gcwFoELcw/oEt0L0A6HDTYNURE0FFUnFw7QGu0MxQslEywZBgzXDdQJ9RiPGXAMXxB3FM0RNhsWEjMPKQrgDwoWiQu1CogQIwwEENkfTA0gDYMXDAuJDX0OSgrvDG0Qhhi6Dy8VSBLYFuoNYw/tDUoPFRieFWkbKQ5WDMwX1gz5D68YeRQ+EAUOZQpmE7IM9RsKCzMROBTQC3YRcw8WE8oOPxHaDIATNw7dCs8YNg/QCwAcjg2JE2wK6gxMEGQNswpyEdoNMA2OEngUCQ8nIwkTiA80E5EQ9g8REfUNoA+RFPAX5hCSEKEZDAwsDbIPtwoPFMAPMxCmEWgOFAzpF7UNxQ+NFlsV5wz+Gb0PnRGtDKITbRneEHkStw0DDOEUngzlD+UMpQmZEs8X7AshEO4XABloEosPhwo5E8MOdhGmDmkT6xhmE44hFhXvFXQZRBVrDiMLQg7CGTcJURGoC3cMjw1EIFAQkgmPF38j9A2/FPkNWg30B0cVExZQCoEQHg2PC0UTxxPuD7kURxU1Ee4TiA7HEUIRZxR/F5EUbA/uEt4OPw9THkMMVhW4FrkMAhF6EVEWIRWpE3EO/A84EdoTiAqeD3cPIRIECXYM+w+xFYcXzQypEcAQQw5uEi8OVBCdD00O+Q/6C28MSRS1FxwN8RQRE2oOThEnE5gNBxa9CeMcXw95FQcPmQu6EcoX8w71EMsPIwxnFuQfhQ8WFLUSZQvGEBkO8ApAFOYL1BYUFo8YoBJbC9oSXhX7EpkUywtfEsALDA+yEjEOcQ/YFHULPhEuFJwQswv2Do8L0hA+FeMNJQ7tDD4TrgtzEtkOLg61Eb0Q9hF/EGgMVxAbEb0PkAzVERgPJwvBDwgSvhJCFFgQohAZEXMRAgs0EBoTVRJTETsL/QsvEnYSGAwgDlwKDBdsCkAHpBNIEgMfVg4SDbUR1xFHDMgOmA6DDDMUlgsjEIAPMA5aEx4YYA8lC98OmxJfDMgPzg7FDoQKtRDIDuETJwk5E2QUuwlHENURNxrpDdgQ/xVUFt4Q/Q4TFAoV2g8IEVgeswupEIsUgxL1Ew4UbhacEywNOBIrEIclEgw6C0ITehHYEq4KFRXxDBULJxXRC38OgAywDx4PbBFVEs4YaRFwIogUqhcJFBgNgxVGC18NWRKkFi4QyAv8EPQWIg+MEK8OWg49DmcQCQzQD24LwhR4EdkWRRQNEN8XjRFeDlUYDxUGFnIOKBA4EHQRdR3/FNcfnBTdC/IPkQs2DZkRIhQ/D1QQHg0GGjkMKQ69E5UTgAztDQkbexIcFLANcQtDD3MXjQ1tC/wLSwtgDU8QRg3WFLsLJA4oCcQRgBEGG6URmRHZCGkQvw/tFGAQDxHfD08MrQuFDt8RaQzrEHAPjgzOFUMKzArkEfQHdQ8TEm8Qhg/EDmIQMA+zFEkOyw3dCSIRDg9mDfEQqw0ZDZMPwQ9WDRQQpxGoFHcZfA1CEcQbwwt9CzAPPgspEZsKaRNjDSgSjQ38ERwXhA+fFKQMRQ1rENIbgRC2EmIOoQ7sDYUPGw37EPkUgQ4xEAoWxg/9DyIWnQqqD0EUShBLFu8SMg6iFTUMLhcaDZURRxYYDwgNJA6LDkQPpw0DHBwa+A11EfcIuAjbEhIbUA9xFEgf7hPqD8wKsBOLE2MMXg9WD7gOWxLvCYMKIwuMF6AQbQpTBgUV4Q1bFRgNMAzqHiQQORH2DQoaExvzDScV6Qq5CpUJRg6+E4cYHA7BEw4LNAnLCy4OwxNKCG8QiBNOFFkQHA2kCgYSxQm0DtIbxQ6hFAcPqhNMC4QOwRNsD3cQ6RIZC1EPPg18HiwLlBiIFyIMHA6yFmoPPgz6C3EM9Q+rDU0MrhRhE2EPwBxNDZAN9BCmDwATBw0kDXsZOxD0EsYR1w27GFIMNBAqDtcPtBdkCgENkQvaEloNqhAdD+AP1BGmEjoMYA7QD44UehAFEEsO+gmZDOcNzRD/C7QYShBuEQEKrBHgECwRyQzPC/4UcQsnET8Q2w6rDU8NSA8iG7cTPwsFEk4bpw4ZGAAPkxLcDE8Q/gs5EQwSyxmgFb0LywuHEeYOIxnRGBcP3g41EZwWCRgCFsQNCg3dFeELDiT8FRMOBxE4B+wL7RAoFDAUsgs0DqwMTQ+2CSgM9Q5kDEURJxALCRASmxXnDM4KOwg2E0cR8Q2YELIJnQ82DDoNEBdADVIQVA3kDnYVaglHCVAH1hSGERIRYhJeFaMS1R1/FgkSlwzxFa8L2wwYDkkPVB6PEngLTBibFb8NhhH8F68NRQ0OCMEOchaHEO4NhBVAEVoMShNTC3MacBcvFQwSBgu0DV8NtBfQD+kQcgz8EWEK8wtLCwwSbwutEesLCA7HC2MUginaHFAL6BVxEOsLwgxYEjkTbg6gDc0LEg51GqkNGAyKFCATGxOtEjcTSQ7kEMMJCBiFE00TGhNzDrENmw6vE+IOLAwkGS8YrxY7EJsO4BIOFOwOxw5jEV0M8w2YFFAV7hGsFEwSywwQEDoSQhoXC4MMwQ5eCaQMSAzoDz0OPxTMFLUTFAyjFMEKOhOPEc8PGAx+DqENchCMD/gRsRNmEd0XRg9yED8N2AoaHI0NBw4DFP0UGBEvFdIIPAxLEB0RdBoUEqQPtg7/DqEa9RD9DSkNaQoZCQwNKBTMDjAUrBdkD1AN+g/3DKcfAwylF7wREwowEusXcSL/CZwPeQ4nC80O1BBWDjQRDA3NDqcUkxF6DYUQsgn2CfsKog+MEgYNUA9jCo0Oxw0jE1gQ7xIICckKIA1YENIK4xJQH2cLGhKTEhYR9gzTCyMRvBUkDbcNqA9NCo4SXRXYFxcUwxblFgYPERdYDREPRg+YECIcUwuOC3MOThOZEE0fWBJrFGYPYBCmEOsQhQ6UEVkL6Q3tFOMdAhhXCvYPYQ+2CnwS/xj2Ep0PDCd0DlMShxasCYsNeQ2DGN0YuRmQDF0OgxUJIZAKqhV8EvoH9xboCn4NJBi3DuUNyg1LESIQ9SPuEToNtxDUDf0UZQuBDH4QGxE3F1UO9gqvExcZtA92E1cWjwzeFB4hsw/NCqMORw4ADO4LGRCoDKYOig5CDOkNKA39DQ4aCw1PC4cRJhD5DRQMPRHBD8MNTBKpEg0OHQ5XDMYcNxQkFDQTLBFzB7sRDRCUE6cRkQi5DK8QDBNuEH0Z2RQ4DYINdRByEboOXwxcEGASjQ/RF1AQJAghC1EP/w9hE/QVFg3SEtMTNQ3rEa0T5CBDEH8SZBCkF4YNpAwUE/8NvQ4uEi4MRRdhEiASeRAcE8gJBw4aE4YVDAsiFvQQzxhhFOkWHw8NFzwQ6A9lFGsLMxluE2MOVA9gDisYSw//CcUUvgxREjQPuQqHD3AN5AxmDWEKahYuDg0UqAokFQQIzBqzGoEOVAzZDCQPlA38JQcL4g43Ffka+QyIDhQXHAumDYIR9A0jDNAMKBjIEmUKBx3xDcEXaA0nDxARcxJTDpwQ5gpkDhoKxxuzEEEUKxBtELANkBGKEEUW3w1eEzMUCgkQDmMRWwnmFSoM1QnrD98VKg9qCtcMQw9qEWgW0hOMDa4O0gv6DPYYlxh7FwcOjw4iENUcegnICnUNqxWUGwQOqgxLDtANnRy5ELQMXRKMEOMK8BjdDd4MyRExE4YK7ArmDFYNWwzJEboP4AoJF/EKjwoIDWwJpw4xEIgQgRApDbQPyw+9DpkN+glFEVYNIRR9EnwNNQ1IEAwPTRYtELgXlQ9qEYoR5AwwFtsY6Q8EHZINGhFDDsEVvg76CW8OYhA5Dp4NcRQmH7kI5Ar6FJ8QzRHvEn8QYQ7mFdkKyhb3E9wN/A+UDTQSHwraF20LLhNfGToMiQ2lDB8TYw/HEvMU6hWeD4oLhxELExwPEBWQDnUTEhUjE04OzwttEvATrhGjDEwQTxH0DbQQ0w6wDJkMPwx8DCgO5g9rGZ4QlxBsHkgO/xKuDBsPsBaIGnAU3BceE10NpxBzDy0eWBINF1sJORIlDVkSCAyGCQ8R2AnRE7YVkhXmDcwQkw3XDNMSTRS0CloV8xBxEg8QCBGXDhUTZQyBDlkNuRhwC1kNzQiKEbsdgA9JCdkQGQ+nCicWGgt4DcURNAk7EQMRDRMtCKgOBRGsFR4P8QutEJEW7BHGCSALWQ2kEqsVpRADEewTjhFSDWAQOREFEx8O+A0VE8INTguwENkLPQylHZITwQ6gCrkSMw4yD1gYzw1pE08PNA2UFRwKbg7kCicP0w0ZEywNrhFYDzsPBBCiDhAOrQ6EDigYng9rFZ8THAzWDkENKxH3CvQOHRA5DSEOHhA3ElQNGhWTC4wJ6A9eEWkOdQxxEhUWZwwCDisJww+7DVUUlB6GDqIUJg//DJYP+A4oEiQOKhElFQ0bJA6ZCjUXKg7GFngQshfYDMUVfQqlFfILYBLDDVoKjBD+FK8ILw6hDYMa8wh2FxYNPg56FFELrg/2FXUOihCNDFAO9w/1DTEM0w/ZFb0Z7w4DFIUQvRUDDhUODwxBD50WmRFTDWwMphDzFwUMHxEQDH8O7ArgDegbsg7/C6gKhgvKFSkN6A4xH8kP9Ri3E7UTthM2D3IIpwy9DZgQ9Q4KDHIQwRUfDjQUww1SD48OKgq9C7YL1BGUEMUNaQ8VDJQMPxMvEVINVRBVEl0L4xMHDRwQxhMDC2oQrhM7EvAWfQoGDkwSGhCAENsK7AwuDXgSNxIiC3oN3w0vD1AMaQ13HGEOIBfTFr0Mphe0FzsNoQx6B6gW9BGwEWcOzgoKHLsdFQ1vE6AJrAw+E+MQ2Af3D1wNPgsOD6IQSgyMCq8Ppg6+E/AOGxLoDY4Qww+TFpQNTg4lEQ8gFBOGECkKsAsVE4oTRQqcDvERJw5iD14QjBUpGQ0OzhO0C6MSXQjKI68KCw96EN4QzBFED/UNRhxtEa0MdgymEGIXChKVGhYRcA2DD9ENCAskFu8LoRE7DZ0MBQ3oCcwW0wbcDUAU0AkQESYOQg2lFDQTgQ2wD4kVMw43E38PVwwlDf8TrQ9OHi4QagzKDlkNOBJ7ERAM+BEFDzQMag8+DtENLg6nEkcP3gumChoMIQ60ExoHkyCsE98L8A5wCSEOCxGFIukTyheZF5ILmAtFDL0LoQ04CrMRrij5DC8KNA82DW4SRQ0lDG0VnhK6EzAZ/BHWEUQgzxVrCzQQ4hwxE18LIRJGDgwQURa/D/QTpAvpFdAV0w8xEGgY+RB6CrIMuw44FUgPLwtXDUkdBR5+EsEXPhHyEpAKJQwkDJQbBRDsDl4aRAjzEqkS4g6YEosmzBF4EzQO6BTXDIAJjhG3GJcQvg6fDPQKghIxC08UxBfOCy4KuhKhEBQK+QtsCpsUWgzAE08U3BMiE6gN6g0hD4QY9Q7eENgRnhDmCSUX1hD3C24RVg5gDdYPtQ5iF3cUGRCuENwnlw3DFYQPGAyHEvoMZRGKCgMNfRMxIcMVRA6cC9kOxhPPFvwR5SLNDS4QAxPVENYUzAuCDvUOqhRHFGkTQA8zEkcTyBGnDq0QLRCkC+8S3hMhEpgUGhIOElQOWCAyDAYLvxeQDBQMsQ+SEFsK3Q3eHE4JKw8bESEMhgx4CJsLNRD0Dw8Jpw0pDdMXbwldDGcXXwvADH0SbRUFGK8YRxV3DE8TbA4zFsIMLQzmDGYTcwZfDWQNNBcjDHkRmxK1F1sQSxJPEDYMZw9yF18MKREoEq0OKQnTFroQSAoqEhUKwBawDIYM+w1lG1MQwQsdEVILgxgWCbUMoRHgDn4TPAtJEp4LaRXsD9wVuR1pDlMPzBGYDp0LbxA0DyMTcw8KFFwPZRSKDeUQvQ0vFJwS/gkSC8wQ7g5yDc0LcwvFC2UMcBCqD+sQVQ+XEEAMew4TD+kRCRWYE/APxhLyFwEOUhE7F3gN0xReC4cMcgyhGdIbtA9mEM0XHA+MEbIPhA9wCWwVog9dEJwZKxiUGIMUggtFDjQSRRGYEQAQWg1tHBQLyAw2CkEQRAsLD/sNgQshGPQJ2g32CHwQlAoYFwsSZRLZB6AQfA6SDCkKkRPKCqsRkg8OGS0OQxQ3DvsKFQw4DKEXIw+cDTYRLBEyDMILKg1nHGALTw0/FroJhg+ECVEO8xTiDKoPuBPhC1cU1BK6ESgL+wv0CuQjWBBMEDcVHhOXEiEXyQ/FD1AKKw9uDlgPOxIaClwUSg6vCzMLyRKxDxoNlxFCEzoVTA/lCKsPHg/HGVQfHw8oDOwMFBZkFEgR6BCCD5YNGhGGDJ0JRhIHGRcOgAxVCkoNeQ7+D+8JpRmXE2USSBfZDZsSwQzgG0IRCAesDWkYgxBnFzoNbCArHP4PCBRGDxsOBhJYD0oNrBUqEpsTGQ60Cg0OQherE9AQTRNRG1ojjA8mETwOtxPBE0sPiRSWDmIQ6hMxDmUOnxaPCB0MaQ9ODNgKgw1KE0kUMhU4D10WyA2LFSASAQ+QFPUNawpsEmcU1BB6FRUN2BTuCeYTpBLVDZ8OSyVaCnQSeQskFFwSdAy9EPsYHw6FDH8OoAvxEZUQQAgEFX4TgQ+zC0EQGhWiCQcP3RXGEDQY7hvwFwIPPBRQEKQlpQzNCTILmArzEMMJ8wo8FI0Nig/FC4YKexLdC+MS7hAyDW8QjgyTDscR0Q2RDygM+A8hCZ0NQxMhDw0N6A6iD7MQ+RP5DXMObwk+IN4Nrg2EDY0S0RYED+USABB2DsUQSxWXELMNtw3FG80OgRC8CtsN6xHIC/EQnBGNEcQIryiXIXMQ3QoHDm0PGA+HElATXw95D44QvQziCzYVdBNiCjwSVA79FyUMvRT9DaoOBQsuEMYOTg8GDOAMQRW7FOMLTwxbElMS2RHzGKAkfQ1UGVMMhhQRChMQTBgKHeQM/AxuDb8OMBRjDogRZROwCr8M+RJLFRQOQg1mDw4OnhCnFFsVvBZDEXMQIw4MEdsWKQ+2DzYNIg+8CkAQYxNDEUIPmxTTDBEIyRAEDzIOpROpDesNQgyZDY4TPhtwCooQ+hnjDmIRkRL1EWUJmBOfFOILLRbRDLsNWhGUDU0YvAyHDCIL2w31F/8MihvCEXEJhQkaFu8R8gwIGpYXZg2ODNsY5QrHDiEKJgrlEzERjg7DDT8OLxIGCkkLgxi9C4gRFhK5Dy8V7iVXDoALGBirDusMfxHZHZYRLAuiDhcK5gi6DZMK9w84DEQOaA6pEakTbg6JCn4LUxBDDCARIA5wClsKlQ6zEzIL0BG+DtkOIBJ6C7wNlg2gEF8KBw3wE3wYAgy9C4kYWg0FDZUQTgwMCwYOPg0qFWwOvw+JC2MOxwxZCzcVgQ+iCLIMkA1WDFETZRd6DJQVGRAsHXUOng+dE48XCQ8SIyoSlRB+Ee8WBw6CC4EOjA31Dh0S1gxvEEYPxBJ8DVAPVBPDDloQTxUJFaASngsXE3ILpBFHEP0ORBDSDygVkgymDKkUtBlmGWEQhQ0CEykILg4tFY8LYhOnEioI8hQLHZESDBepCgAMgwxIGGIZ7xLzI9UODBWcDjoLjRITDtMRzg6YFHcWwBDaDWMQ/wmyDiAO0QxlDQYN8Qj5EW4OEA7dGZwO/AtPD/8WsREiDR0NlQsCFeUUcRIID/QRQw6uCAQMKBb6EXoJgBUoDx0PFhDaFIkTUxF/C2kQhwwED8gR/xdYDr0avRb4DaANRwgDDSIOxQ8UHtUKQAkkDjcQ9BQADQUYthFzEBUO9hJRDKgPKxGbEz0XEg/YDzwNHBGVDhIP2Q6+E4MO5g5bDkAN4RGqE3QPfRHcDgkNIgmgERkQdw4QF00VNBCfD9MR6h95DNcQdw4VDeUKbxt4EBMTrBK1DloSFg9qF5QTRhQMEOANXhCsC1AQVQ4qCtsOdAwCDSENCxNqDbEPshPRDEIO+QuJFdMPFA2NDtcPyg4HFfATYBCoDrkOUBBuDz8TwQnbESwRgRMACeENpAupEpENcwxmDzMXWhAsCSwPNA8hEBMTVR4RDxEXyg7FE0EPtBa/EEIN0A/tEsgPXRlEGNMM/RG+E8oQBBSZD3AL/hNsDlgPYBExDlkM0A6SDQ0TmA+IDSMNaQ88DFwWgQxIDcEP2QxbDgUTdA4fCnkMrAy7CU8Xpg66Es8M2RG5EAcODwqXEBUKjgt0DDMaLA2MG3wNOw+3CuoNbhUREi0SAR0dENgQ+g8eGTsPKgnsCLYO/hH8CtkK8Q2VDAQOnxLkCdYUshBzEGgICg2/F0gRChG1EuoT7xInDWMQ9gxBEGUO7glxEc4Lpg07D6oODxKhER4SrxbqEkoXFQn9DBoS3xIAC2AZUxdPDPANBg1DFEsM0A33C1ceFRABDdQPYxEGGLIRfQ4JF5wK0g0UCioNWQsvEeIQqRWjDmEfvAt1CiUN/Q1FFX4UUQ23Fv8MUgu8EDoQ1w8bC7UPDRkIE5YShxvmEOoUUxGHDSkOjgpRFlYNMgh2CusM5xcdEh4OFRNZDKUWnxWWItMNqg3WDtELvA6ODEgKEwwpClkM/A+sGYIR3g61DkccxA//EHkQjAxJESEUABFcDaMYFwtNEWEJuBG5GHAK4hBkDGwX5w3LC0ULyhknCygOQQrbCUkSNA/KERAPFhLQCGcMsw8AEXsVDgouE8kQTg53DUsPZwwoDrknthIPDh4S0BAuGp4LkwswDoAQIhAjDqQUnBZZD9IdXw1qDkkNXwldCVcM0BDbC+YQHhdLDkwZWw46DQwNoBUsE7cR9xQbEt4V4Q94EVcQjAyRFJIP6Q3EGRgRmwpGDjwM0ibJD4UJ6w19EKIR+xIwF6YPsBY1DFcRSBC8EfANagv6E9kN9hJzGvYLLw/tEE0SGBlICxoZ9Q5wCw0M5hNRDqsMlA6YDdgRkxVOFAIRkxrOEq4M6AkBDqIUxRGyEi0PEQ7HFr8VXgoIEdgMuBtHD+ANDRHbD/gT0BLpCwcPuBX6EaYI8wkxC5QUfQ1IEU8M5BcQDHIP7wwPDo8TjgsEDMgMCQsTDP0TWxP8EeQTdQkMDvEPhg9yEC4QEBFTE0QKehWKCXwLSgypE5UTOg5eD4sQ+Q42GfYVJxWIIicMNBdODb4TLRLDFuwO1hTlFiIUiQu6Ci8N3QtFFHcWzhDmEKIXBRCYFGsGyRAVDPwMpRK/GFwbSxT+C2QOphJxHWwMxQ/+C8IPEgy3D7AT0g7UC1oX6w8SDHYUYw+FFP8L9RJiFJsMZQ90FWYMbhTzDsYNugl7F4MOIRCAD3cPOhaSFUsTwws9DLkW8Q7fDiwQ9RYNDW0M9RBIDVYTwAxLDSESwAqhEb8GSQ9SDsoSYQvQFRkQFRP9Fu0LSg4EEBUJIBSaDzUMzRQaFesKgBF5FUsTixYODL4PygqODvoJjRUCD5UPkgzUECASGBFRDuoOKQuPDLcKPQ7zHJMWDQ7QC3sMeggmElcMdxbZEDcP3A9fFWMPxxHvCQENqgsUFlYPBQspDfANvw7VCN4PIhA9DgQRVw++DPIMtBVACioKYwxQD5EOAA9ED0wOCQ75D8gQygq7DjYQGRRADY8SlBbECkkQbhHCCmEOWw7vGfgNRhJgDmgVqwtCDm0LdRYpD7YJvhHfEssahAsdD/kRGRIVENgLBhGXFCkNBxcQD+oMYwddILgUKBXCDqILPxV1EnkXqg0CEFsN3hADDzoJ2xomEEAPEA2pDigKpw7mD38NlBFoEuQPFh8LFGwdYhNOEVYObwtLDFQQSg3rFXISJxCtDuISsw7DDcEZqQ12DaEXzRAuDDANbRDyDMQP/A3OC9wRuQmaEqoWphQqGqQNpQtkEA4N9w0HFSgPdQ8RJMgPBRb5D8YTRggDEm0KVBasFKAL9A3SDfUNDwoXEr0SbxPADTMLixJoGuUUAw8PE44XnBlaFqoPIxTcCykYkw2WC6MJFRBgEGcT5QhGG/cOkB2hFIIRlw7DE9oQSBSKCm4RNw86DgoO1xJ7D1wPTw6bDd8RKAy+EFEPRAqUEEYOqRM6DrMP2BAaDb8VIwuWF5sJSBaQCusRlRbRDuQQ8R1HDA0UXxAnHPELIBFBDV8QVRe3D1UIdBnwDrYKgQzpEZoQsAyfDRkWVxWtEF0UcwzoFFYPTA7aEFYRrw8IEP4TxArnEbQOxhKsBwEVLxDLEGATTx5fEm0Jdw+ZF8MRsQ5zCu8TKBxlE8AL6xDgC7ATfw/3EA0PwhQBEDcOTw+9E+IWhQkoHy8UOxZiGnELGhRiFyQOCRbAEu8O7w75CRcXUQ1xFv0KZgy1CoUUxx0lCw0SSxlFD6YSDhMADt4SpRBiGYsRTw9VEAUQFBBFELcNPxb8Cr8KfxQFDXYP9hwpELoMLhTrCaYL0RH5EM4Lpw29DB0fBw3uCn8OYw6iDtQUMxZnDbsXiwo",
          "errors": [],
          "other_outputs": {},
          "outputs": {
            "DEFAULT": [
              "buck-out/v2/gen/root/<HASH>/__rule1__/out.txt"
            ]
          },
          "success": "SUCCESS"
        }
      },
      "configured_graph_size": 2,
      "errors": [],
      "other_outputs": {},
      "outputs": {
        "DEFAULT": [
          "buck-out/v2/gen/root/<HASH>/__rule1__/out.txt"
        ]
      },
      "success": "SUCCESS"
    },
    "root//subdir:rule": {
      "configured": {
        "<unspecified>": {
          "configured_graph_size": 1,
          "configured_graph_sketch": "V1:2A7ICWANXwx/EbkKuwg3FXoK3QddE64MuQ8EE24JQwn5DnEP1gvjE9oMEQlXGA4LZQ1wCQILXAhaD4wQhBBoCisJfQi7CoEG5BbcChkOMQmvExUIAg7lCHwH2wjlEs4LQhPPBmcJzhWbCx8UrQ7CCeAJKQr1D+gJqQj5BdYOdAzXCG0UDhnaDA4N/xQqCFsINw0hDqYHoiKUDkQIpA86CtgXVAv6CnkRXQZXG3EO+wugD40LPA1IDvgLug0ZDXEODw5VEOkK2A1ABvIRdAuKCHMGDQ/cDCUNlRA1EPgMZgyXFPcOchHvC+4KVgwlDAIMuA2NC8AZ8Ar+FGYT/QsRCfEPQA4sFLgEbw0OE6QMXQsFDMkNaiqrDhsM3g1WEZoJiw62BigMxhCdBSkRKRexDg0KnwjPCkQMMxqABzQKiQU6EFMNhgf8DSwNiAqvCwcMwQl5C+IPKA+eDPwP4QugEVoILwh6C3INCQ5xCbUPywyIEUMIww/uB9oU8QrXF2YKUQkIEa8JtQUKCY4OnhjRCQkNwwpeFuYQuw1nC6MJRxpFDEATHA5cCCEoYRQ/D6gUegcRDDgRLwpqEPMTdRCTCkAPdQtDCkoRegw5DDkOzwxLC7APYRWJCLEO3BaxFasPVw2AC78NBQ8/DEwLIwy5DYQG6xuMDH8LPxZJD80M6R6pDgYHNxEvEO4RtgxMDyQJkRNbDiUN1Qk1D7EOahZWG50JOQ0yC/8HPAy0DJQJPg37DDkNUQzbDYUM5wocDwwMbQcMFJEIEQrYCl0K2RO1EGoMNxiVEFMKtBfKFrENZQyKC+ULtBINEfIMfwtODoINtAwIDYAQqw0MD3YObQn0EJESQRPiCxsT+QhEDg4WkRH7DbkRgwvcDlUTYQ4UCV0KxArFC/wWyA9vDUEI3QgmDFoLeBDAEZMSNArnCsIGOQ4PCe8OEQg7EtAP9Am9FewPdAuFDL4XPQyQCCgU2wXmDHQSAxArDr8QVwTAFEQGBhmRDwwPzxDdEosTCAtNDjEZ1wsdCU8SuAkPCeUMwgkYCY8RLwmQD6YJgxDTCHcSIw8GD8oIagqwB6ILIQjLFMwNcQ1EEuQUAg6OD+4bMhRJCPwOdQyeEoMM3hJLF+YKzQhoDHMOyweqDZINQQwkEjUKAAhgB+QOYg9mCSIYwhHSFQYNEg8eEfgIuQktDXAVJRr6DscMCQ77DYUMyRV0DyUN7A2xGTERIg2hC+0QzBGGBuUMvAxPCXIXChDmDVEOIw0EC0IHuw1KD8cP1guGE2wPIw7xEzUHlxEDCYsQCQugCbwKyBG6DN0GrBKEC9MMRA4hCfcHlgnhFe4L0gkOCSgMIxJUET4KSQlXDSAPKw79CLIJnhJ7Ci8PaRGkEmoNMA6nDpwRRBKvFgYF4geHDS8RRQ+ZCrAQFwwFDHoM4Ac9D8wNgAdNCGwV6hXJCbIHyA8/B78Juw0YE30McQiCEEcNARDoEDoP4w7CCewLSQusB/oHMhJKErAMtwuSDpcJMBAmCMML8hBkBygICgZAEkwLVg9tDX8GShEPEIAGRAlCF4AMthNEEhIRxBYkCRYNoAzZCecMfBorDNMJ1g54Ci4J+geTDc0MIA6zCUgOzRTXDowQahByDjsKKRD5EH8IchByFz8OdhA/ChAMYwmHDPALPQnsDNcS/wc2EC0Epg+8DbUNCxCRDiAN0w7XCU0Qog8eDS0TsA3MDF4V6goFFUMUDxM4CyoQkwvyBtcMuwkBEFAiyAqgCkQNQgg0B0IKegpREBIIxAv/Et8JtRcfFWkMMwj1EvMPzwkSDYgINwrMDUQJZwvqDNEH4wz+B9UMkxQBC9wYxRKOCnUWBQvrFAsR0wu9DmULpwv/DOwMXRGNELsLUQwlDfYOugq6DGIRDAksGxMLqxMCDGgUHxNLC7sNwRp/F5IKqgugCNQMlw6DCmsS4gqHDF0MhAmpEHsIaxQEElMOVhOyEBkKyQybDzsQ4AiHFAgLWwt1DAwL+AsuEF8T1AxHCpMQvA7fC1MRbgrPBxcL2hcxCI8WZgppB7YR6wxvEDEIpgptDkcNxw0iDz4OYQw2BQYOzA0QDVcVgg2GDtgTkQ0VEfkQ/xOwBysO8wuOCE8Rswr9CbsLtAeJC/4HGQwKF2EUZA0HCRMUDxHtCzMRHA8uBT0NIRErD4MJ1gqGCsUMqwvcEJ8NvROzEGkL4RPlCOIQqwqVB50P/QsDC3QOIBZzCHgN9woxD2oIfglxDaUVDBfSCaIK+ghpDzkV3wW4DM0SpAyACZcM0wr8CtENZQwxB6cO0xVOCwcTTBGCCmIRaxKVEtcG8gj4Co8JRg0jExEM/wb/EacKcROQDU8LCQrPET8KRxcNDgQVwQjCDCMKghH8EZQMQRqnF2MLURIaEkANzRVWGB0KQAniEiYHPA1IDwgTjwm8DV4Kkw2wD8UMmQfwEI0NmBG3B/0IIRUhDaoQ2iCzC40PlwpTEkkT4Q/5E94L/w1OCloX+Q84EXAVoAruDXEMgw+PCwEMZA0jFSAKKg8DFJYN2Rm/COoXFxE/FOsLhBJhEvYKogerGjYJLBUjCKIGQAscDWAJzQ42D5oPWwsBCpcQWA8QD1gPaBCuEuIIlhDNENoF5RA/CwcMEgzhCkMIHQjsCKsWHhIXD1UQJAlQBocNsQdfCUIJjyXJC74OzxPBCgwJIAZgEs8PHQyeEY8aXwzYCs0RqQmKCiAWXhIpEUkNKAt7B9wUzAwCFlkKSA3RCzIWWA7TCWoVWwzMDR8IOAs7BgUI6gy9Ei8Iswi3D6cTDwsQDMQQDgzTFNcRwg/+C0YMkhGLEhwRNgk0E18cSQnDEw8QEg2SFwAMBwdjCfIHjw17EIIIYw6WEq0J1hF3CJ0NFA+jDLsGzw1REkAOgRDLCkYIEhBQGUUMggj4DO4GcQ/OEX8N8wlGBEAQgw0LD2UJaA6yDvUFJQ9dBsUQHhBXEN0K5hX4E6Yc9A3+CsoNbxKYCUILoQt7DQ8LtQuJCZUMXwWrDxkZdxVGFdgIvgnAFc8IUwv0CmEOBg54D3sRehK9DO8MrRKhDOcTZQuUDL4OkAvWDLUN/glYDk4IlAlPFoMK6wmnD4kQKBFXIP8MEQarC10TkwifCt4IyQ4KDT4QtQYJEHwPHRFzDB0KSBFTC8YSGQvMDd4NERDdBioVjw76CLAPVQxLCmwL4g7QCs4M7QoMFGMGFhXlCtgNwgqCCjsL+Qp0BdEGeAiaDGQKvxAWDBsKCAcvD0gIGx4tELwM5QwbDqAXnhLTDfQK3wxaDWcI1hEjCRMXtAkJDfYMEQZiEFUT6RcIDWwSiRTBDy0OsQezB3EVxBVwEpUNLA/xD9cPMwYqCYUN/QzkB/YOEA5PBqQTghDaF9IItAuaFJ4Liw5jHDML1BQ7EFUSKxmQFBAPfA12DlMOTwicCWcQeBJMEW8PLQ8FDVUYKA1HFJ0MvwtaDuMFlQdiC+gSqAmxCFwQEw10ELoLAg7VCXgK1w2JDH0JTxG3Cb8LWgo+EOMLiQluDAcGyyGdEbYLZRMyC58Owwo+CvoGIhnQEJcVDxKeDhgRFwlTFUEK+AxVCnIL2QiVCZMUZQmJCpgJ6QxMDWcStAobDBAJgBdsCFgIZQexFRoQzhD1CrcIyArPC6EQSw+ODdUVrApgDSMTWwqRCJQMGwttDfkJHgk/BnwfagqvBioIogukDskKmgzSDA4N3A2SD48LGRFFDAEL2Ak2B7YN/gtjC1oLzwstGlgO/w4SCFMF/AtYCzUP6yCHDRoKbSKXDC4KohIKDB4MiQxwEI8LdAteEdcItBFbEPMQGwhiDGINhA1aEaYHig1qB9MLvhDODoANESqQEnAHKAxrEhMI6gthB+IK6BguE/0VVQvwCFoKagtnEIoPzg2pCeUJSQ13EfQT1RTKCxUKcgmjDGQNawhoCFEMxhNCCSgO+wYTEPkLXQjoFLEM9Qs/DEgPawoFFcYOIR5jDKUGcAwlBhoM6RKrChYKvAqVCS0PrgcWB6EKQg33GQkUmhIXC+4JjAxDCxoTSRTJEcsIUQb2CCoKUBNbGLALwQqLCZEO1h4QHCQQtQisDDsK+wxrI8YKkwpyC54QpwhjEGsRpgZhEGAUeQtsFSAN/wuCErIKhgpYDGAJIQxKCVkKWQ+XD3IPOhaADEoPUgx2DnYI6BDcFNAKIQ+rCXUJPw6JCLYbHBOCDAgSqQt0DW8Iywq3CUwKDBKbCUwSyQshCBgSoxqsCgQOeArsB1EOCw8xEBsMLxH9BpQRbA2wDfYF5Qc9DoILEgycDZkHEA8LENQQLQkZF48b6gz2FdMKmQOrD38RlQyyBmQHCgq9DKMUggoTGosZvQmuB/kJYgqkDZcP2glrDRERwQ5kDv0HGA6tCf0RnwvuDwQK/Q6sBo8StwkCFTcL6BJ7DSgKewyDEKcMXhZPBs0PiAsXEvwMJwp3GW4N3AuRDs4PwguYCg4PuBF6Gt0TvwsFEBgNpgaxEAULuQkpB/0HNAlaDi0MKRKWDBkm3RNQHDoEjhO8JwYL2AgGBM8ODxKmC88NgRnTDq8L2wjPCpkmpA0RD/QKPwhFCUEVMw4WEuYNWAmREWwGcBjiDEMQqQeSDm0J5g09Cg4IFwNhD64O4g2uDGsOxwZvGT4TXxL0DuoLoAvjDaQKfBBCCF4OzhKbEZALGA9cDycJxQs/Hy4Ozgl+DlAHEBHpEfkUYxFwBlkTfQ54CTIYHRGsHPkUfQ09CIoTmQvjGC4L3AoCDi4NMhfVFF0L+BRnDYsM8RAPC5wJRQ8eEnUJ4wyZCOUH3wtPDX0HSQ5bESgL+AsrBUcYphBUCN4N5AvBDNcJhAoMCzwKaQloGQ4P8w5LFYkWLQ6wCgITiQsbCukLOQnlC68Jgwn9BP0IfgnTCg4ODwx5GnoQLgZLCm8Nbg0iDB0P5A+7EUsRAQk3DcAGZAZbEe0aAQ8ODIUMOAfpBrENxQgXDXcL9wuVB2YJGA0zDlINkwpTD/INVhU5DlQPYQp5FXsafwckEPUQvhy4D+IJ3gwOFicLKBTtER8LvgkeCl0QTAxDFFITsw5hEB4LPxSNEHgPgwtmB8QJ1w/MCJ8Mkw68FEESFBTBCGsJkwkICowQyQuJD54IOhpaCYwPQg2LCZcHaAy7ELYMhwkrEoAF/AemBrMLyAWxDJoGchQiCvYJDAw3IkYKxxFUD5UI0AehC2IQnAk3B4wGng+DBokM2glTF0AMSwgDCy0QmBL9EIELQAybCt8KOA5RDqsHrA94Dv8MvxOJDZ0QpQ6CD1QJhwyyEkULcgwfEQsPxA5jKKMLaRB8ChcPShjICBENIhG6CzsTJg7ODj4IyxKyEF0UpArRCdcMRAovEF4OIBEHGtAR1hF3Dl8XWAlyBw8HAQyyDH0P+wlWCYsNoxH+Cq8IRQ3DHg4OFBQ1EnINEQjwB+UIDwjfD8wNYgc9DzEJKhF9CwAMhguJDkYUwwy+ClELPAmDClwMdBCNCAkPCQyJEZoc7RT/C/4V0wZ3DusHXg0HEKEOjA7+CfkOfxvaDTYG9AfWCBwJxQuKECIJ0BCTDtsOiRnXDr8SCxVbCSwG3Q5OCpMIsQuWCjYLQw3mCKkIaA2BFKYJOAfHCBgNgwaNC3QQ2gz9D18M3g3AEIgQ9hgSDvgT7wxEB3AOvA5jCEwNfwyCCkEJmAfPErUJjwsECKoR8gnUCTQJmxmgGmoMPQ5MC20LNQrHCOgJ5gg2F/APsQmxCjMLuQ3sDtYUlwebDHgPuwuDFG4QfgnwCYoMOAqdCCcOLAuXEzsJPw7cBpwL8hLpE0MTyh6mDdsSRgj9Dn0PrAu8C+oLlhhYDTgKwBobDJINKQsMDOUSjhmNE2oKOhUxEBkWGxDWCaUKkwegCloL6QyqCN0YpBGEC30QxxXlC0cNqRfyE88OhwpLCd4STgcBDdEDqQtsF0gOixgqEuMJnBe0C8sKthAjDDYL7QiGBqYKARcBDdgQYg0IHQcHnQ4KFfQKvhZ9DeoZawrsDzwPVwhgE8kSAAcCCTAMihCkC0oLzBeKCccGJxCfDwMRVwvQDCESwhFlEuUNPQqTFzobHhBhEW8I0QyaCOAMRhKEBkIGuRLHEQoIKQzQEBoNdhDDEv4VqwbLB7IP9AX7CpQPygsoDW8LGQqzDz4KhQslEUgPaQrAELQXJgtCDUgM3RAcEyMFkQvtCXsRBQ+KC4YK2wn6DpAS9A/RD8YPRQ/aDYYLaA0BB4EI/Q6zCXcPgQ2JDGQNjQz/C6UIhwzICYYTAhFvEN0Kug6ZCDcL1g5uCscFthRRCSAOdQ+xEPcOmgv6CegJtQr7CUAWwwltHXEI8RflDwgOog/5EboLHRAcDOAKaxAmCxIHWQpsDu4V/RCGCvMKfAlHGMMPgxFTGnILnBEJCLAI/Ag6B1EQQBFPDzoUTg4CK20MDQjIDZUKmw5LCI4IohJCCTsKHBM/DwUMShFgDdoV8wxADv0QMAtTBcAYwwjZCd4MFQ7rCPYMhxJKCBgLLhNFE1UIXRjKFGEH9QyJBz4RXQvqBdMIIBUeEisZCQxbCfEJAA5mDbIJEg1RByAYGQy/CwIYkgqNCB0K6BMeBsgTXgdIC38QuwsyE6ENIxCHCgQMLBAzCUUSUw8+EcwKew29CT0LZgaHCvYMGwsKEAwM5BGRDqQI1A5hCgUOQBagCMcR+g74EL4GqwjoELIbyQrRCmsQ5RCVD0gJDhgCDfUTdQl2D3MNxBmGDKYLfA6WGAQMHArWD68OsQsADawQGQl+CxQSHA1VDBsJEhFHDhIP5AgHEqARbgg9CdMJ7BMcDTsL1ApwD8YLYxOwEkoSrg44CPYKeRbgDIwNFQgzE6wObAhkECsRsw+xDREPeBXFDqEMdwzCCzQTuwsgCgkLBw6SDTcGHxAoBYgP0RS6E7IQIQxXCEsVFg3KEUUTMg6SCNMKOBEfDnEPDgtbC0wL1wyQDLoN4hejBtsIBw6nDrcdyAZ1Dh0I4xLhD5AOehvvD4MYNg1WD+8QoxLGExEMOQnoE6MOHRVtDrgj3g7MDKYHxglEDxsMQwzUCcMOFg9AEdwJdQxOCnMJngo1D0AHDgviCFQIrgojDhodPhSPCAYS6BLzDmgQ2Q6BFkgIew5YDhwOOw94C0AOsws1D3UKAgdIDKELhRKdEKoZOAVJDYsPsA26DagPjAvKEQEQxQagCbEOjwkVEtsJfwsUF2QLbhK8EM8IDwoCC38TYwn1CeAPbwhzDp8K7Q9NFugJnQlZCYIKmgyDErsQkxQjDxsH8Q5FCuoPsgniESkJjx8SENkJGgxODYYLswmODaoLjgjGCbkPuwp5CqsQ/RJoFwULlhD7C6YKIAgVFA8L/hBdC4cX5w1PE/IJjRDsFLkPnQuaD5AOXQt/EdYIOgxyHekTIw1BCdwMexQdCnkMNQyOCfoVpwvYFmMKsg36C4wKFQ/AEssQ/gfhETYQOgvwCzoNExV1DNoLaQmxClgLZBFhB94OIwq6Cu4JxAsKDrIUrQlJD+gIQxKsBwML1hdxDD4LMQzjE4gK2xNXB1EUMA0MCx8eLgvFDPET0RHWEPEMtQqpEIYMeQqnB3IIvQtME0sP9RCuFCUQygkGCeYMfQuACAQUZhyuCsoNLAlNCa8RVxE+DNwWDwygEvgPnw1wFCwIcgz2Ef0O4Am/CpoIlA2vE+4QegydC64Juwv4DdILLguaCWIQWQ59EtYIfhF5CfsNThdjClkVNgsxBOMLSBQwDssMGBIEDjkUHArUIJUJ2AnLCH8Q2RZzEiAL3A1oCmkGeg3dCXIOhRDyEf0JLBWdDy4PXQlqBiIKoBZoDC8Y0w0rDuwU8wdiEkMLCRiNDmMEdg1qC+QLkBCkEcoIQQqDCmoPzQcpC+gUFxChCpsPtgsdDvkOtA6DFlUP5g45DSEJfA5EDV4K/BHwDtEOzgYkFoMJxgdOD64TLQ1YC+QPYwsVElwSKSLRED8JOhOnDQIOTwofHgsL7RBgDU0NpA/gCd0LxAkOECILNQmjDmIQCA0hFJgMEwsQDr4RFwnaC2gM0Q1PEHkGiwnXDm8JcxU/DNEOvwp+DJMKRwz7EQsNAw5qElwPGA9DCYgSLA6FCKsLZgaxC4Ub1QdAB20MCgnBEpgE0RCfCXIIYgtYCvoMahZuC6ITWwqmEZ0J0hK6G4YMPQzFBWIGIQ5qCk0X/A+dCy0HEg3JDMgOhBKiFRcUVQk4DcMQ+wyzCe8L1gyyC/AHXA0sED4LQAd9Do8RCwqADU0LaQ8vGvoPzQdFBY0MNAsbFrsNfhIQDFcNSwwyC8cN3A+4EegT9gfhCGsOhxK/DUITYA0LFAoO6g0hEM8HGQ2PDGMNegq2DbUK7wpfBs0PpwT7IcAHzA2/Di4Q6gt2DKYR1g0EDxAM4AuEDEQLgRWzG64LrQr8BZcM5g7TD+ASJBQwE64JWQv4FCcLowmWFGwKGw/mEfULnw0/DQ4M3w0pD9wKHxmgGWEPYRWBC9MIHQsPE94J1BXdCVkOXQzxGccPWAzuGF4U/AwgB1APfgt0CWYLygvNEMYdtQymDV4NxhEKFJMOZAgmDqAK6BFJBh4IvwwtE1oNuA2gC/0RxAnqDjIHPgi5DpQGvQ7cC9cPxgj4EvMOwBFpDkQOxhcuFIkQRQ70D8UKzAl+CfkN4ha9DdcJnhS7B0sNAgz2FYAOcQ9ECe0LlQvQCb0LUglODuYN9wZADEwIkxSgCV8IGA2dCUUO3w5ZDwcRdxDPCpsMFA1jESgVjxBXDeIPMxUsB3AH+w3BDeMFTBG5DrYZCQ05DbUKUw8dGxoInQfVGawR9AdfEYsHlwUmCycKmQonCscFBBIOD3QWtghMGeoN0RURFYYJzQkrEkUPThIUFJYHqhCpCk8ToBTBC00T4Qb3CyIPrwm0DnkNSwyFCboMWghVEJIKlQxsCioUEBGuCDIWfgvnC1cWixLFBzQQQA9+DuoPPhSCCqoKpA1NC3IJQQqfD5cI4Ak9EA8NYxHcDQwIbwwFCZccVAvICpwRngptDIEJRw9DD4MMaQ4KCygXGgzgB1cLPgfXCNgUkAQ2DMAQGwxlDbEIYw6rEM8INAzpF50PxQtdCI8RYApoESQTMRIgCkYL8AubEqoK4REDEGgOlguHCQoNrgp9B1AP1Qq6DsgOnxG/DGgTJRD2D3UTrg1TEyEM0Ae2EHQMywqnEI4HagkdE7kJqQvGD1YKVhAJFfQU4gpoEdQKZhNYCVQWtAwMC0sQDw3eCSIOQBmcDyISdBA0CQMMkArbFQMM4xF5DqgSjwdSCYUMUws2CVoPhhTyBzwI7ws4DRMSWw9jDi0H8Q6ECwIOtg2uDQMS7g32DfYadA92BU0Mjw/YDYUTUws7D68Oiwo6Cc4JkQuaDTMLTQj0EFIMnQiXCeUN5Aw8DZALOAt5D/ULOxOpDeUJhhf5COML7B9eFkcG5Q3jCmMUng86C2wKcgpyDXoadQvgCZgLbAo1DdwKww53GMcJ4weCECMO/xQeFZUHjAztGdUIAQgxCMEREAreDOgMDgsLEicN7RDUCnAKpgvTCrEV6ApeEg4SaxFnDqcLtxIEF8kcIwyjCnUJoQ8xDq4Lpw+WC6ISVQfSEcURugsAJvUOEw5gGnoXxAgyCPUPKw6rGSAITwmGETkaZwgfEoQODgrzD0YMxA+rCAcNTQ+MFcMRChelCPYKMAluC3QLzwzEDhoSeg/YDtsIawwECh0G2Ap1BisLEwgID4YJNxPGERUPGg/yDM4OkRL7C64K8AscFLUHygiTFrEMsQjVDaUIkBQJESMTaAqJEq8Lxwp4C44IjRIaDlkK1Ah6CQQQFgk0CYYJaQ4hDE4O3w6DDX4K+QjVDpoRAAi+IA8MDg7FDw4NOw2MCloXhhOYC6IJTgyACn8LigxdDsEPRgvaERwKQg8kD7UMgwlKDCIOMxPeBiYezRPwCcUS/Ql1ER0LTw9nDeAOTwsfGMQJ8AdmC7YIIA+qDuQRxQuCCqEHnxRHDH8L1Q6WEvoKxg6OCD4POhcgCvsIJwwwCKYSngpFCLYP2g2PCx4VMw4GCykJDQz/DPIYtSCoCpsT5BEKDdQN/wsaF6YNrwtvDuwKHRKPA2wNNQkeDWENwAvkDQkNUwxkE8gJHAwdD08WXQy1DJ0MABVBD5gT6BF1DLwNkwoRCR0S9wZ2Ef0L/gl2EmQLNRFODZcR6ROtCH0McQk/DPEU+g8JDt4NAxRKCucX/A4kDZkLvQ3nBhgQ+AdtByQSogpsD30KCwQ+HacNqwdcDkMQHAjLGgAMrgrGD7ERKRAtE+oLeAfYC18OaRkUEcwLpAy7DjsKgAekB+EItBBKCAIIdBhRCFsTGgrNCOAMlg2WENEhpg8OCUAUsAyvC7wITQ+8E4IP8RmpCYMXdwvjDTMGbAreDEMNCwvOBzgP8w2HD+wOfA0hFZsLCBIJDvEOWg2ODg4KIQhqD30H9wnHEf4NiQwwCD8RDApSDooLkQokChsH3glNCPMKIxNWDhcNbQg8CwYI9wZQFe0HsBapDuoIjA20FBsTbhGcDxoMYQlqCvcNUAhIBm8KMhn4CokLGgm3CFsYFhppDyoP4QY4B/8NSg4HDv0G2RcGEC8N2A42B2sMiAmREMoHhBItBxAVbAl5Fa0KkgiTD8AJhBJoBw8Rwg35GWMOfAkkDvsLrxbbDsoNGQw9Ct0JqxHsB0EOhATPEeoIWA2kEN4RJwvUC/0TiQiADsARrg9PC/EQWgsTCM8JRgzfD4MWyxCHCogG1wbrCM0RIR28Cd8L0wy/DFcKiRr8DooK/AyhCaEOABFhDOQKRgYOBhAdRw1OCXUTbAvsD/4K8wohFsMKlQ9wDigK9gyKCyAQ5QyhEpoR7Q6VCZ8Olgv9CXsOnBfpDBcPtAgiCGkNyxe4B+ERzAtbCe4ItBE",
          "errors": [],
          "other_outputs": {},
          "outputs": {
            "DEFAULT": [
              "buck-out/v2/gen/root/<HASH>/subdir/__rule__/out.txt"
            ]
          },
          "success": "SUCCESS"
        }
      },
      "configured_graph_size": 1,
      "errors": [],
      "other_outputs": {},
      "outputs": {
        "DEFAULT": [
          "buck-out/v2/gen/root/<HASH>/subdir/__rule__/out.txt"
        ]
      },
      "success": "SUCCESS"
    }
  },
  "strings": {},
  "success": true,
  "truncated": false
}
