# This file is @generated, regenerate by re-running test with `-- --env BUCK2_UPDATE_GOLDEN=1` appended to the test command

{
  "failures": {},
  "results": {
    "root//:dir1": {
      "configured": {
        "<unspecified>": {
          "configured_graph_size": 1,
          "errors": [],
          "other_outputs": {},
          "outputs": {
            "DEFAULT": [
              "buck-out/v2/gen/root/<HASH>/__dir1__/out"
            ]
          },
          "success": "SUCCESS"
        }
      },
      "configured_graph_size": 1,
      "errors": [],
      "other_outputs": {},
      "outputs": {
        "DEFAULT": [
          "buck-out/v2/gen/root/<HASH>/__dir1__/out"
        ]
      },
      "success": "SUCCESS"
    },
    "root//:rule1": {
      "configured": {
        "<unspecified>": {
          "configured_graph_size": 2,
          "errors": [],
          "other_outputs": {},
          "outputs": {
            "DEFAULT": [
              "buck-out/v2/gen/root/<HASH>/__rule1__/out.txt"
            ]
          },
          "success": "SUCCESS"
        }
      },
      "configured_graph_size": 2,
      "errors": [],
      "other_outputs": {},
      "outputs": {
        "DEFAULT": [
          "buck-out/v2/gen/root/<HASH>/__rule1__/out.txt"
        ]
      },
      "success": "SUCCESS"
    },
    "root//subdir:rule": {
      "configured": {
        "<unspecified>": {
          "configured_graph_size": 1,
          "errors": [],
          "other_outputs": {},
          "outputs": {
            "DEFAULT": [
              "buck-out/v2/gen/root/<HASH>/subdir/__rule__/out.txt"
            ]
          },
          "success": "SUCCESS"
        }
      },
      "configured_graph_size": 1,
      "errors": [],
      "other_outputs": {},
      "outputs": {
        "DEFAULT": [
          "buck-out/v2/gen/root/<HASH>/subdir/__rule__/out.txt"
        ]
      },
      "success": "SUCCESS"
    }
  },
  "strings": {},
  "success": true,
  "total_configured_graph_sketch": "V1:0BPfFB8SRBJ/EVwS7xA3FYkO0RJdE6EVEBEEE9QQew4jEMkZXxTjE+cTgBJXGOsM/hg1E1MUSwx8EIwQhBAmHP4PqxbXDOMS5BZCHW8PXxt4FU0VGQ8wEsoLmgzlEiIWRBRkFVMTzhXmDR8U6xS1GJIUmhDSHLAVrxObDcAPYxTSEm0UDhlwFMgV/xRmFMYMSB4hDl4LoiIcFXIRpA8SGRAaTg9YEXkRFQ1XGyYQCRegD8chLBTNEwIO4BFPFMYaDBdVEPwQwA7rDPIRwRjLFZAOKhU1DuUZlRA1EPgMeRO/FGkQMBkXF8kMdw1FFYcPuhNnEMAZMBD+FGYT/A7TE/EPfRgsFIoJ0BUOE8wVlRGHEMkNaiqED84TNhWTH7QVQBF9DpIPxhCjCikRKRdrEBESwhr4E/oeMxqVEIUqwhAuGxkVKBiJEPoWJBY8EzYW+BMuEcoVKA8xEyQiLQ2gEWkP3A56C9kiFRdoFrUPmRSIEUYOww+nD9oUSh7XF0sgQg0xFIoM9QsjELYYnhhpDgAYKBZeFvMWxRHrHwYSRxrpGz8Wdg/iDSEoYRRQGKgUcRPoEjgRGxRqEPMTURE0FFUnCRfQGkoR5BQlEywZzwzXDbAP9RiPGSwR3BaxFc0RNhsWEkwQMxciEwoWIwx/EogQ6xsEENkfPxZJD4MX6R6pDn0OnRFTEe4Rhhi6Dy8VkRPYFuoNYw81D0oPFRhWG2kb7hBWDMwXBQ75D68YeRQ+EEoP2A1mEwcc9RscDzMROBQMFHYRcw9PFMoO2RNxEoATNxiVEM8YtBfKFgAczBSJE+ULtBINEc4WfwtyEa0PMA2OEngUCQ8nI2oaiA80E5ESQRMRERsTlBCRFPAXkRGSEKEZfBUWGVUTbREPFOQn5hCmEfwWgRHpF6YPxQ+NFlsVZBP+GZMSJhQ+EqITbRneEHkS1A07EuEUngy9FXASYRGZEs8XPQwhEO4XABloEnQSoxI5E1wRdhFTFmkTBhlmE44hFhXvFXQZRBVrDjEZ0w7CGU8SuR1jEeUMjw1EII8RRQqPF38jgxC/FHcSWxEJD0cVExbBDoEQHg3LFBsbCidEEuQURxU1Ee4bMhTHEUIRZxR/F5EU3hJLF94OPw9THnMOVhW4FpINAhEkElEWIRWpE5gQ/A84ESIYwhHSFXcPIRLeEyUP+w+/HIcXJRryFcAQcQ9uEi8OyRWqEU0OwBSxGd4WXxS1F+0Q8RQRE2oOtxMnE3IXBxbmDeMcXw95FQcPGBS6EcoX8w6tGcsPIw5nFuQflxEWFM4YdA7GEBkOyBFAFDkM1BYUFo8YoBJLDNoSXhXhFZkUexFfEigMIxKyEpcWcQ/YFCAPPhEuFJwQnhL2Dp8SaRE+FRgQJRDtDhkURBKvFv4OLg61ES8R9hF/EK4c8BIbEZwTkAzVERgPJwvBD2wV6hVCFFgQohAZEXMRuw0YExoTVRJTEbEY7xYvEnYSgA8gDuwLDBeRDtcdpBNOGwMfMhApELUR1xEyEMgO8hC7DzMUlgtkFTgQVg9aEx4YShEPEN8OmxJCF8gPthOYGCQWxBbIDuETLA85E2QUfBqkE9URNxrpDdwQ/xVUFrga/Q4TFAoVzRTiHFgeahCpEIsUgxL1Ew4UbhZyF+MQOBIrEIclBBKwE0ITehHYEtcSFRU2EBULJxW8DTsVCxCwDx4PSBNVEs4YaRFwIuIUqhcJFF4VgxUFFUMUDxOkFn8Vtw78EPQW6RCMEFAiWg5MEGcQAQ/7FYoOwhR4EdkWRRT/Et8XtRcfFVUYDxUGFvMPKBBsFXQRdR3/FNcfnBTqDPIP4ww2DZkRkxQrEtwYxRIGGnUWEBLrFJUTgAy9DgkbexIcFLANXRGNEHMXXBglDdIRGg6GFWIRgBUsG7sLqxOcEGgUHxMGG6URwRp/F0EYvw/tFGAQDxHfD2sSrQseFN8RaQzrEHAPaxTOFdsRVhPkEbUKdQ8TEm8Qhg8EFi0RMA+zFPgOyw1/EF8TTRRmDfEQGBBOD1MRwQ9kEBQQ2heoFHcZphpCEcQb6wxvEDAPPgspEYISaRMiDygSjQ38ERwXhA+fFFcVCBNrENIbeRK2EvkQ/xPsDYUPFSFtE/kUgQ5GEgoWxg/9DyIW2hIKF2EUShBLFhMUDxGiFTMRLhfoD5URRxYrDwgNJA6LDpsSpw0DHBwavRMUEtcQ4RMIFBIbkxhxFEgfahiaE3QOIBaLE4wVXBFWD7gOWxJwD6UVDBeMF0QXbQppDzkV4Q1bFY0UpAzqHr4SORH2DQoaExvfGicV0xVOCwcTTBHSGocYaxLBE70ONAngD9wSwxMjE28QZBROFFkQcROADokUWRHPEdIbRxehFAQVqhPmEoQOwRP8EXcQQRqnF1EPURJ8HkANlBhWGCIMYRqyFmoPPA1IDwgT9Q+8DcMUrhRhE2EPwBzwECoP/RimDwATdhrhEXsZ2iD0EsYRiQ67GEkTNBD5E9cPtBfmEFoXNxnaEnAVqhAfHeAP1BGmEjoMrw8jFY4UehBhFksO2RmZDOoXFxE/FLQYhBJhEroNrBGrGiwRtBdhD/4Uug4nEQoR2w42D5oPSA8iG7cTWA/QGE4baBAZGJAYIxnNEE8Q5RA5EQwSyxmgFb0LGQ5OEqsWIxnRGFUQuxI1EZwWCRgCFvANjyXdFb4ODiT8FRMOBxFgEs8P7RAoFI8aEhEYD80RTQ8rEyAWXhIHI0URJxDFE9wUmxUCFpwNSA02EzIWWA6YEGoVnQ/MDToNEBccD7wQVA29EnYVMQ23D6cT1hRuFRIRYhJeFV0W1R1/FgkSkhHxFdgU2ww0E18cVB7DEw8QTBiSF78NhhH8F68Njw17EM0OchaWEu4NhBVAEZ0N9xSjDHMacBcvFQwSgRC0DWkWtBdQGesgEA78EVUL6RAGEgwSCg6tEUAQ6BDMD2MUginaHEwU6BVxEMUQHhBYEjkT5hX4E6YcEg51GiIPbxKKFCUaGxOtEjcTSQ7kED0SCBiFExkZdxVGFbENmw7AFeIOLAwkGS8Yhxc7EHsR4BIOFJ4RrRJjEecT8w2YFFAV7hGsFEwSHRYQEDoSQhpPFoMMwQ6nD4kQKBFXID0ORBXMFLUTFAyjFMEKOhOPERwXHxQJEGsaHRFGFvgRsRNmEd0XTBByEHcjERAaHCoVOBYDFP0UGBEuFisQ4g5LEB0RdBrVFaQPFhX/DqEaKxNQGykN+QqMEgwNKBTMDjAUrBdkDxAd+g8SEKcfGx6lF7wR5QwwEusXcSLTDZwPeQ5XGugO1hGMFRMX0RFgD6cUkxFiEIYT6RcIDWwSiRSMEi0OUA+mC8IkxBUjE1gQ7xLxD9cPIA1YELYP4xJQH/YOGhKTEqQTghDaFyMRvBWaFLcNqA9jHI4SXRXYFxcUERvlFvUQERd2DhEPog+YECIceBJMEW8PThOZEE0fWBJrFGYPYBCmEOsQYByUEWIq6Q3tFOMdAhigGBQRmxdXC3wS/xj2EioQDCfGEFMShxY+EIsNvQ+DGN0YyyGdEV0OgxUJIZ8OqhV8EqATIhnQEJcVJBjkDxgRyg1TFSIQ9SNdGvIOtxDDDv0UZQuBDH4QGxE3F2cS9gqvExcZgBd2E1cW+A2xFR4hzhDkFKMORw4UEaEQGRAXDtUVig5WEyMTKA3gFA4aCw1tDYcR8BP5DXwf0hLBDzEaTBKpEk4SHQ4XD8Yc4BUkFDQTLBHFDrsRDRCUE6cRKxNkEK8QDBMtGn0Z2RQ4DYINdRByEXcQ6yBcEB0TbSLRF1AQohLADlEPZRJhE/QVFg3SEtMTtBHrEa0T5CBzFn8SzRykF4YNnxgUE/8NnxEuEoANESqQEnAvMBEcE9UVBw4aE4YV6Bi3Gf0VzxhhFOkWNR0NFwER6A9lFGsLMxluE/Ig1RQ9GysYSw+jDMUUvgxREr4TxhOHDygO5AwTEPkLTSDoFA0U9QskFcERzBqzGsYOIR5+EIgU3Q38JRoM6RI3Ffka+QyIDhQXjRSmDYIRdxD3GQkUKBjIEiIWBx1cDwIbSRTJERARcxLyEJwQUBNbGO8LxxtXE0EU1h4QHA4SkBEqEUUWDhBrIzMUrBwQDmMRgBvmFWsRTQ1hEN8VKg9sFSANeBCCEmgW0hOMDa4OIQwqDvYYlxh7FycSOhYiENUcUgyGFXUNqxWUGwQOIQ/8ENANnRzNG7YbHBOMEAgS8BjdDd4MCjcxE6sNYxhGDkwS8xLJERgSoxoJFxQRLAyhDlEOehAxEIgQLxE7DiYVMRK9DpkNbA9FEVYNIRR9EsANEA8VGdQQIRgZF48bsA/2FYoRcxUwFtsYqxIEHZINGhFDDsEVvg4TGosZYhA5DkQbcRQmH9MREgz6FPgTzRHvEn8Q3Q7mFf0Ryhb3E3gQ/A+UDY8S/AzaF20LfhNfGYQPGA+DEB8TXhbHEvMU6hUXEnwPGhR3GZ8SwBWRDnUTjSQjEw4PuBF6GvATrhEFEEwQTxGxELQQDxCwDNkhPwxaDigOKRJrGRkm3RNsHmAOjhO8JykPsBaIGqoY3BceE88NgRlzDy0eWBINF5kmORIRDxEUAA8uD/kVsQ/RE7YVkhWREcwQcBiUFdMSTRS5F4QV8xBxEg8QCBFhD60ccRGBDmsOuRhvGT4TchOKEbsdgA84E9kQfBCnCicWzhLuEcURGA/WHAMRDRM/H6gOBRGsFYoYEBHlFZEW7BHGCVkTfQ6kEoocHRGsHPkUjhFSDYoTORHjGFsZBBAVE0oPMhfVFNkL+BSlHZIT8RAPC+cWRQ8eElgYzw1pE08PvxKUFZ4OsRBbEScP0w0ZE0cYrhFYDzsPBBCiDhAOrQ7CDygYng9oGZ8T8w5LFYkWdBFvDgITHRA5DSEOHhBBE+QQGhUHDZQL6A9eEWkOdQx5GhUWricCDmgU3BO7DVUUlB67EaIUJg83DZYPDREoEu0aExIlFQ0bxRqqDzUXMxLGFngQshfYDMUVXRGlFWIdYBJTD/INVhX+FFQPLw55FYMacQx2F/UQvhx6FKQMrg8OFu8QdRXtEbQR9w/1DV0QWhTZFb0ZbA8DFIQTvRWNEHgPmxBBD50WmRHXF34NphDzFwsWFBQQDH8O0w7ZEegbKRaJD+sLOhrKFYwP6A4xH8kP9Ri3E7UTthMrEv4MhRa9DZgQ9Q6xDHIQwRUfDjQUww03Io8OxxFlEq4ZURuUEGIQaQ8VDJwOPxMvEdAOVRBTF0AM4xMHDS0QxhP9EGoQrhNkEvAWpRDsE0wSGhCAEP8MvxOfE3gSNxIrE3oN3w2yElARdg53HM8TIBdjKL0Mphe0F74RShhzDagW9BGwETsTNhAKHLsdexOVFF0UghI+E+MQRAovEF4OIBEHGtAR1hF3Dl8Xpg5lF6QeSRWHEY4QoBCTFpQNlRIlEQ8gWRTDHg4OFBQVE4oTcwycDvERxhrfD14QjBUpGQ0OzhO0C6MS9QzKI0YUBBB6EDIWzBFED/UNRhxtEQkPdgyJEZoc7RSVGv4V5BSDD9ENsCEkFqEOoRGYFrwPfxvaDcwWEB3cDUAUxQtcFyYOoRX2HTkViRmwD4kVCxU3E38P3Q4lDf8TrQ9OHi4Qog++D1kNOBKBFOsS+BEFDxgNzhI+DqYRLg6nEpsQ4A3AEIgQeRm0E/gTkyCsE3AOOxCVDPIaCxGFIoQYyheZF2oPVg1FDKoRoQ1ADLMRriigGmoMNA+EDW4SRQ00D20VnhI2FzAZ/BHWEUQgzxWrFdYU4hwxE7EYIRKDFP8RURZtEPQTpAvpFdAV0w+XE2gY+RCIFLIM8hI4FUMTyh4sEEkdBR5+EsEXPhH3FSkXlhhYDZQbwBrsDl4alRXzEuUSjhmNE4smOhV4ExkW6BTXDKUKeBS3GMwQvg4TFN0YghKEC08UxBflC0cNqRfyE88ObRhsCpsUWgzAE08U3BNsF2EQixgqEpIenBcIEtgRthBtDCUX1hD3C24RARdgDdgQtQ4IHXcUGRAKFdwnvhbDFeoZGAyHEsoQZRFgE84UfRMxIcMVihAiDk0QzBfPFjAX5SKXGwMRAxPVEAwXVxNlElEWqhSTFzobHhDiEkcTyBGnDq0QRhIgD+8S3hMhEpgUGhIOEroTWCDDEv4VvxeQDLIP9g/0EGUQGQ/eHFUNKw8YFiEMhgwlEUgPNRDgMLQXZBKYDdMX3RAcE2cXkQvADH0SbRUFGK8YRxX6Dk8T9A8zFsYPRQ9CDmYTaA1fDWQNNBepEXkRmxK1F1sQSxJPEPwZZw9yF4YTqRT1GK0ORhLTFroQIRIqErQPwBZdDSAOHBNlG3cVRxIdEeoQ9iWkFkAWoRFtHX4T8RdJEggOaRUmE9wVuR1pDt4SzBG6FZ0LbxA0D+4V/RB2F2kPiRlHGOUQgxFTGpwSnBF9JA8T/xNyDVEQQBFPDzoUcBACK+0QVQ+XELINBRYDGu0TCRWYE/APHBPyF6MPUhE7F0IW0xRADv0QcgyhGdIbtA9mEM0XmA+MEbkShxKsCmwVLhNFE5wZXRiUGIMU9QxFDnYXRRGYEQAQIBVtHCsZ+hI2Cq4REBBgEfsNfBohGCAY2g2fEgIYgw8YFwsS/xT+DsgTfA6SDH8QkRMyE6sRIxAOGSETQxREDkUSiBM+EaEXIw+cDTYRLBEyDJcU/RFnHAwM5BE/FroJhg9hClEOQBbAFscRuBP4EFcU1BICErIb1xBjEuQjFRJMEDcVDhiXFSEXyQ/FD3MNxBluDlgPOxKWGFwUSg7WD4UPyRKxDy8TlxFCEzoVThFVDFIQrhPHGVQfHw8HEqARFBZkFEQX7BOCD5YNGhFwDyQQRBQHGUoS1A7xEkoNlRr+D7kQpRmXE2USSBdkEJsSLRLgG0IReBXFDmkYgxBnFzQTbCArHP4PCBQDENARthpYD5MUrBWuGZsTwA+0CksV7hirE0UTTRVRG1ojVSCtF3EPtxPBE9kQiRSQEGIZ4hcxDmUOnxanDrcd9xN1DlIQ4xI8GEkUehvvD4MYyA2LFe0UoxKQFPUNHRPoE2cUHRV6Fbgj2BTMDOYTpBJED4wRSyVaCnQSbxgkFFwSdQy9EPsYHw66D38OcQ2RGpUQfA8EFRodPhSRFgYSGhXzDmgQ3RWBFjQY7hvwFwIPPBRQEKQl/hU1DzILkBLzEI4NhRI8FKoZig9JDYsPexI+EuMS7hDKEW8QCA6TDscR0Q0VEtwQ+A8UF8gXQxO8EA0NFhCiD38T+RP5DeAPGRE+IN4N7Q9NFo0S0RYED+USABCDEsUQSxWqGrgWlxPFG+oP/RXiEUsQjx8SEPEQnBGNEfQUryiXIcIV+wsHDrkPGA+HElAT/RJoF2walhAwEzYVdBMYGzwS/hA0GIcXvRRPE7gRjRDsFLkPTg+aD5AOQRW7FOMLNQ1yHekT9RPzGKAkexRUGUcbhhRECvoVTBgKHeQMsg1uDTEP4xnAEogRZRPhETYQshRLFRQOExVmDw4OnhCnFBMWvBZDEXMQIw57F9sWghC2D7IUIg9JD68XYxMBF0IP1hchEnkZKh3jEzIO2xOfGFEUlBORDx8ePhvFDDAX+hm5EWIRkRL1EYYMmBOfFOILLRZME0sPWhGuFE0YMBiHDPQRUxM8JAQUZhzCEcoNhQkaFu8RVxEIGpYXZg2gEtsYnw1wFCEK8A3lEzERQg9LGj8OLxKvE/8Rgxi9C4gRFhJWEy8V7iVXDmIQGBh9EmYPfxHZHZYRThfID1kVNhOsDjcRSBQwDhIQGBKpETkUuhHUIN8LqiGuECAR2RZzEnUNlQ6zE2MM0BEcEb8UIBLyEbwNLBWgEC4Pzw3wE3wYoBY5D4kYvQ8rDuwUNA9iEjEPCRgqFWwO+hOJC2MOkBCkETcVgQ+DCmoPkA1WDOgUZRdhFpQVGRAsHfkOVCCDFo8X4xISIyoSBhR+Ee8WexPwDtEOjA0kFh0SmQ1vEK4TkBd8DeQPVBMVEnQVKSIJFaASOhMXEwIOpBEfHgcS7RDSDygVThCtFKkUtBlmGWEQExICExITLg4tFWoTYhOnEr4R8hQLHZESDBdPEAQSgwxIGGIZcxXzIw0PDBXZEDoLRxv7EdMRzg6YFCsX8RfaDYgSLg6yDiAOwhBLEoUb8Qj5ETUVPhLdGZwO0RCqEf8WsREiDaUOahbEFuUUcRKmEfQR0hK6GyobKBbpE/kLgBXFEk0XFhDaFIkTUxHJDGkQhBKiFRcU/xc2F70avRbnEaAN1gwDDSIOxQ8UHj4LDRV9Do8R9BSADQUYthEvGvoP9hJRDKgPKxEbFj0XfhLCEVcNHBEcGTcPUxe+E+gT5g7IEGsOhxKqE0ITfRELFAoOCxagERkQdw4QF00VNBCfD9MR6h95DNcQGxP7IeUKbxt4EBMTqRi1DloSFg9qF5QTRhQMEOANgRWzG3gSQhvDC9sO5g4qFPQVJBQwE7EPshP4FEIOBRGJFZ8QGw84FNcPfBEHFfATYBB8EbkOHxlyID8TYRXbESwRgRMPE+0YYBupElkOBhPxGTMX1xbuGF4UNA8hEBMTVR4RDxEXBw/FE8YdtBa/EKMexhEKFMgPXRlEGOcM/RG+E8oQBBQtEzsROhxRE/0RYBHqDqMP0A4sFSYUmA+IDdcPaQ/4ElwWwBFpDsEPxhcuFAUTdA7kEmITrAy7CU8X4hZiFM8MnhT+FxYUAgzxLZsQOxA3GDMaLA2MG3wNOw9ODlcRbhUREi0SAR0dENgQjxUeGdAP3w5ZDwcR/hFUDJsM8Q2zICgVnxLeDdYUMxVzEGgIaxK/F0gRTBG1ErYZ7xJED2MQUw8dG8ESNQ7VGcUUpg0PFKoODxKhETAYrxbqEkoXBBIOD3QW3xJMGWAZUxcRFeoWBg1DFEUPThIUFFceqhABDU8ToBQGGE0TPRIJFyIP0g24DnkNSwwvEeIQqRVVEGEf9Q8iECoUEBGRHzIWwRW3FlcWixISEzoQ1w9+DjQQDRkIE5YShxvmEOwXphJdEGUOng9RFlYNYxGJF+sM5xcdEpccFRNZDKUWnxWWIo0QRw9DD4MMvA6jDigXQAxzFFkM/A+sGdgU3g61DkccxA//EB0RYw5JESEUABHpF6MYvhBNEY8RuBG5GCQTMRJkDGwX5w2bEqUMyhkDEGgOSQwbDEkSNA/KEVAPJBe6DsgOnxEAEXsVJRAuE3UTtRZTE+EUZwy2ELknthKnEB4S0BAuGmENARLGD4AQVhAJFfQUnBZoEdIdZhNqDlQWtAzOD3IR0BDbC+8TQBmcD0wZdBA6DQwNoBXbFbcR9xQbEt4V4Q94EV0QTxSRFJIPhhTEGRgRmRNGDmQX0ibJD4UJ8Q59EKIR+xIwFwMSsBb2DfYaSBAAE/ANjw/6E4UT9hJzGq8OLw9LEjccGBmaDRoZABv0ELgP5hMzE+UNlA72FtgRkxVOFNMZkxrOEoENhhcBDqIU7B9eFi0PEQ7HFr8V+w8IEbISuBtHD3oaDRHbD/gT0BJ7DgcPuBV3GEwOhw2CEJQU/xQeFSwN5BftGXIP7wzoEY8TjgvjDOgMIwsLEv0TWxP8EeQTehAMDrEVhg9eEg4SXR01FHUNehX/IckcSgypE5UToQ9eD4sQ5BY2GUohJxWIIsURNBcAJr4TLRJgGnoX1hTlFiIUKw6rGS8N7xBFFDkahh8fEqIXBRCYFLEM+BYVDAcNpRK/GFwbChekD2QOphJxHZYVZBVBDxoSeg+3D7AT0g7sDloX6w/REXYUYw+FFDsMUxNiFIYTrBN0Fc4ObhSwEMYN+A97F4MOIRCTFooUOhaSFUsTkBQJEbkWDBOJEn8S9RYNDW0MjRIaDlYT0hJLDSESeAuhEa8QSQ8FEcoS3w6iF2UWFRP9FkEStBS+IA8MIBTFDw4NcBYaFVoX4xN5FUsTixYODL4PigyODsEPjRU2EpUPshLUECASRxNRDtsTMxOPDCYezRPzHJMWwR11EXsMdRQmEuAOdxYfGDcPLhZfFWMPxxFUEOQRtxAUFlYPHxidFUsV1Q6WEt4PIhA9DgQROhe+DDsQtBXYHKYSFRNmFUYWAA9EDx4VCxP5D8gQYBC7DvIYtSAuEZsTlBYKDdsSbhEaF2EOhxDvGfgNRhJgDmgV4BVCDoAWWB0pDwkNvhFkE8sa6RK6EU8WGRIVEPwSdx+XFJgTBxctEbwNUgxdILgUKBV2EQARPxV2EnkXNREVEXcY6RMDDykQ2xomEPEU+g+pDt4NAxTVEOcXlBFoEuQPFh8LFGwdzhc4GrQZxxg0E1QQ0g8+HXISKxKtDo8TRxrLGsEZqQ3VD6EXzRAtE1UPbRDyDMQPaRkwEdwR9wyaEqoWphQqGm0PtBBkEA4NdBgHFVsTchURJKMQBRaQG9Ehpg8DEkAUVBasFKALTQ+8E4IP8RkXEoMXbxMMELcQixJoGuUUAw8PE44XnBlaFiUcIxQ0FykYCBJeEvEOFRBgEGcTARRGG0QTkB2hFIIRFhDLHj8RSBQpEG4RaRA6DgoO1xJ7D6sYIxNWDt8RxA7sGlEPRApQFUYOsBbmEMUYMxi0FL8VbhGWF0MXshkxDesRlRbRDioX8R1SErwUXxAnHFsYFhqREV8QVRe3D/8NdBmkE7YK2RfpEZoQ2A6fDXsmVxWtEF0UhBLoFBAVkA63FVETrw8IEP4ThBLnEQ8RxhL5GQEVLxDLEGATTx5fEsoNVxuZF8MRzBHsD6MbKBxlE9sNARSkELATfw/3EP0TwhT/EMARrg+9E+IWWgsoHy8UOxZiGoMWGhRiFyQOCRbAEs0RIR0kDBcXrhNxFswLiRrgD4UUxx1vEg0SSxlFD6YSFhoADhAdpRBiGXUTTw9VEAUQFBAhFrcNPxZwDosTfxQFDSAQ9hyhEkMTLhTDEMYQ0REHHTwVnBfpDB0fRRacEn8OyxeiDtQUMxZnDbsXtBE",
  "truncated": false
}
