# This file is @generated, regenerate by re-running test with `-- --env BUCK2_UPDATE_GOLDEN=1` appended to the test command

{
  "failures": {},
  "per_configuration_data": {
    "root//:platform#<HASH>": {
      "hash": "<HASH>",
      "total_unconfigured_sketch": "V1:pwnTESYXfhG8DtUMFAvWC08NXRVIGUwWfhGaHOESlA4eEXYNBxAxDYoTQBjrDGETDxRPFcYObw91KcImkhQJEssPZBd5DfoQvRsUFRMVcRM2EBgUZhLgEtoU7Be8D4UPqA97F1QZthB7ENcW9hi3EU4UchQFFKwQ/hPFDIEbpBIUJmIYuBqmEusTrRF5ELITBBQmCx4PpxPyEEMbGxShFUcQRQ6nD+gUPQ20EcEQexd9GxQe6RAZHt4T+hAWFaMOHg9tENQd8BrTD9ASuw6/GtgLlwxxEQUTgQ5JD3sTXw8RHlMcXxW7FIENWg0xEO4dNQ+jEXgPQgxYETcKQBKPFoMW4hAEE3UQQhAYGwUW0w1GE0ATCRBiDgsTxA6YEssNkQ/XFTAWwRT/HOAWohFgHNAZ4RinEpcZlhUhEfsUvQ82ELwYuA5tFNgcZBP4C2oeGBQcD2sQzRYeF4AKkg0wE90PsRMLF24WrQ/HEywWVA9TIpwQzxOWD7IOlQuxFQQOFxIPDdIPIg8kD2QYbRQsFpERMhLJEsAOQBfLD0UVbQ0sFJkSvBc6EDMU3R1YFgYa4hAmFK8PfxFjEToOdBRZEnETVxAhJpkUxgxdG0URZAsNGmsUTAuLEC4P/BEuG8kWGhj/FfgTghVZE74PChgUEggPdBEOC2YcuAxZDNUNhBjxEbcR/xdeEEsSBRWxGSsSpQ7IEsQUQRMRGT4M3RX+Dn4RxxpDFmIPZRI+EBQRARWYH98Vjw4LFnwRIwxkDRMPhA6rD0gQjBVVDc4TlA8RDsAWqxbxEw4RZg26IoMSzg0CEB8MhRNFGJMV5BRUHeEPyxKGG60SNA4eEksRuA7eD6sY3BKFDOkUOhFRE4cYSRchInUcEg7mFW8S/A7MFi8PswuhEmIR2xHCEDsT0xfqEt0d0Q0bExUZmhB2GzMTrhXBE50YkhEhEFENLRkvFxISkBD3DAUO7hEyEgoPLBAjENoLpAymGnATaBFaE1IQJx3YESEPxwxRDDEUzhLDDnwZKRhgEdsSOxLRDkgSMBMYFzsUlBS/EvwUuBDWFXcRmw3WFMgUHxn9C7IOrxv3IJsdMxUWElkPRBu6Ef4QzhWgDi4efRFlDhsRoQ/dE5cW2RESFoETyRJCEToPhRQmEGUP6RmrEnATmQ6TEgwTzBQ2EHcOyhMvDVASEw5sF0kThA9xGnYRpBLtFMAW5w+hDgMQHBKyIp8OAxKPERYRpBUmDgAStxT7DSkQ5Q/bEMkO8BtrDpATmRIuGO4R+QsPEbkRqw/bEogRnxsoEZ4QIBahGHQR/g47EMsYJRA/DXcQYxlEEtgUqxP/Ez0SyRZ+EuMM6hL5EzQZiRDADoMWMxv1EZoVwxgUEs4nrxWWHFYYjxAODbMS3xnhGtEQ5xQEGE0Rcw7qFGMT/A3vEmgNXxSPE2ogYQ2iCwgPYB1EFC8OoRG8J+QU7xaIE/4YMxVsEBUOWRJmDDIS8xDSD8QQ+h0SFEYXZhaPGAIQ7Q7PFW8WDBKaE9sNPBLvDlcNzxLLFhoWbA6ZFTkPfBdLFmgXuQ4IFicRwRj8EjwS8htGEpoOcw3TGfgeLxOCFH4KIA5dEhQSohKmC1AS/BU3D+ATkxMkEIAR8xFSG1gUuAy2HA4PeBixDUocEBAyFCsXRBtgFDIO3w3wGEcRYA+8DxMPcxEsFF4Z5w1mEV8Q/xLWF3IkohXrGh0Q5xmoGokW6hHpEuUQgBEUD44ZrBArEVIh8xGEJ64U3BGfDHUbexEOGZUV5BInE1sOzBhtE3gSxRUdEfoPcRLJEDUPpRnqDrUUlw2jF2kNig6EEwAQGBJqGG8aGyERERwV2QpHE4UOvxxXEVIR0BJkFxYKbhYwEnER9Q6XEwAmIREQF10UQBh/EU4XZwzkEcUQ+g/jFckORxfNGP8QwBHpDm4QjwxAH7MTQxSiFloPzxpmFmgTjRZyEDsUMxjiDYwR5hIJFMQSdB80GKwQZhLIFhASGQ6zD8YNKBG5E/0MNRShG8UTUA+TEEEQLxS6Efob+RhWK40TCQ7xE9IRWxCjDBMUHg3jDwAVnwvWD6EXPxquDtQVWhL9ET4a2RK+DbwNzBiBEJUPZQ3SCzoRPAwQEHwPkhA9EygTMx9wFYEMWBUsEDgTgw4gEUMW8hUIEBcdZBKoFkAUNhF8EDoPOxFVHd4LARg6EmEVCRLkFekZNhywDd8VlBCjFf8WGBO4DrwZICPDEKEUPhStEcASNBXqEVoW0hD8EusVgxCaG3ARjg1SHT0SHRkKD+gTOhMPD+UR0Bu9D44OoBGMDL0UGRnjFqAXzg9ZEW4VoxPnExcPbBJnEPcYZRIyHEITcxG6Fecb/xzhFDUZ/BQDE3IWLxKeDugSTBZrEuIXXRSTFWwQIBkHEuIZLR2pE8AP8BviG44Q4gpNGQ4RZBE2EhcVAxNhGXMQtxUmGgYWMxj3KAUXyhPsFaYXtg6EEpAXORx8GvQVgxKaFF4Q9w8qFM0ThxH3EUUXSBRLENEZBhvRG7MRLBVSFNURXBdPEo0ZzRXwGVoNMROUDVYQSBIfEBAX6xOYI50TARp+Fr8QqQxyEU8RVw4iDq8NwxAJGgkV4xKbEpsTcBIqDWkRKxEmDegSAhdDHD0iQA1yE40RcBRtEzwd5hXIHxMS4QziHYUUXxOGDy8LLhAaD3YVuBLdD1kPFyFgLFESUxO7EDIQMRwlFXwRiQxSDzEiaAsMDrkQ0BLUEXIXnRAUECEVTRwMElgRmhCfDdgRkhMfFv4TAhdkEo0QohdaFYAT+RH0FuEOKxDIG5EKgRbIDmIRChJSEzESAxReDiQakROwE4gRfgovD84S9xTlGd8UaRQaEF8UdRYXGFoN9B92Ea0Xaxy7FmQP6RcPFNUW8xBKD0kZdQ0eEDYTARHbEwIWihaEFVIQsRG9DaAUfxA0EFcKexJPEPwW2Q/UEz4f8xHqEaYR2BKiFDIRWw9GD0ASuw0SD2wSLRVnHHURbRTUD7cagRPIFwIPRROWEKwVoxRWEbMcLByLJ4cS0BZEE64RgxWCF9EUhRcUER8OYQ/TDKAQPhOAGJIRURToE4UhdQ1TGAgSXREBGr0PvRCnFKoOxRdkGQ0RhgvUEmQScQ90IPQQUhy0DZISexKIH9AShhYbEZAfKQx0EG4MQBiCEKwPow8CFpUSHRFRDw0UOBhnF08WOBxkEY4TjhVkDuoSBxj5D8IV0hLEDZAalhDoEiASlxVaET8RbxNmEocOFBFNDhASFxK2FmQXmhEPEDMO1RUKENIP5RELEqMWvg8iGj8QvxDSFiQMcyB4D6USNBPfFLwVKRfMFqwacQ+2Ek8QaRT2HacVDB1lEGYQchJvDnAVXxcwE2wTahZTFscSyBTrD14SvRJsChkRCRjsDzAX3BG7DhcViBShDTwTzgyXDVUSaxSiD/0flBQNDAMRVhCYGZMMTw8JIrERxREBEUIWVAwhFWkbGBj4C9gU0hVlDmwjmA/FECwVrBTVEHkSABJvEXcb8g/UEnsSIBFJD7UPag1/Ew0gaxU3ECYUKRLUFLESNBPTEEESEw/hD34RPhaGHWoWPQ+gDTEPFBXNE1kZ3RQgEB8Q/Q78DX0Wzg5tEVoQFRhGDn0SARHEERgU4wwSEmYZyRHaFPIOdg+rEQAXPBTqC2YPWhM1Dp8txRbYC3AOMRhYEAwOXxT0FucRwg9fCvALExOJGHQP2R0tE7QTUxNoDjMg5RLvFBwRMg9SDU8RZBPQEPURqhdlGtQVlxKYDjcPlRG9EcEOOR4RFQMSFRdAEVELZAwlEe0OIBXNEDAcnBSCDxMVBQtfD+UY9CGFG0IM3Q12ExASFhVrEIMODhCPKFsbYw4JEkYYGBNWDT0c8BPfEugQuhF5Cw0O5xhiDVURlBMxD/4QkxofFPES+xW8D90Tfg0bESIabhI0D/4T2xJkDt0TzwydGaQQyRZSDWMOQxWIEVgYqhg5DZQWXRI2D2EQIxT8F38TLhVgEasYAxDwDzUQrhw5Gz0RAwzyG0EeqhoXEGEQnROFE6cOsAwWHzoTRBArEJwOIhOAFTEPwQwSEecPQRUXFJ4iQhK3FigVHBWwEmsX+BSWDYAmCRxaEb4O4QoGEpUbZg87Dh0W1RHiDlgWehBwEocVxBDfHm0e0hbPE2ISOxebG+4UJRjIFpARVA3DGS0OHiCfESAOexraFtQQghKYDbAKEhS3EZkY0hU7FFQOWRcADxcN9BL6EnMVVRUBEB4OohRSE3IPPBosEQ4PEBJOFxcRnBOsGCkMQxeFFKMQzg1UDwYTOhKwFGobQhPoGZcO8hCtFLYU9BXbE/kPlxMaDzkOZRg1EJgSCRCOE10OFhZ6FrwcTQ/LFqAQVQ9JES0RhBz0CgMalxHVEDgU7gyjEVoLdiLzF7YR2hDqDfINrRG7D00OhhFlD5oWqxOyFBsTBxX+Dx0NDQ4WFGYQdw/nEEMS0gw8Eo4Y2hYqDy8Y7RNzDcgOjBkQEWwSqQ6UDokQwx3bElcRzA7tEcgXPBIOFiUTQQ8eDLsNoBkiFnIR0h3jFx0WHRmPEn8UvRg6HhESfA0SDU4TxBKSHZAPdRQMFFchdxC2DcoPnR84DAQU7xLpDbgTCBPID1ERbxUxDbgS6hCHDoIaexwOEjwYQRNDEKAPFxDDEK0QQxTiDTcY3RCeD+4lfQ+gE9kTuhIzGqEVlBVbGo4PYRLtDm0QGyHREPgTPhnHDAMQJRMfEvsP2w8aFmIYdBAIFPQMJw1eCxQP/xO1DacQoQ9OEqUQAhIQDjQYQg8bExgWnw5OHA8WwxN4HscTbxHoD/AXRxCEDrARohNtEcAUahF7GXIT4gz1EZwUWQ6JEkQTpBOjD1wRmw7QFTUX6RL+EJsfkQ9VD6oQqwx5EukSYxGEEFwUZxA3C0MSgQ1MDoMbLRPvEqIL+xViECUSBxTdFcYPZQ5pFS0QdBLUDNYRug37EeAObA9SEJ0SAxo2DugUlhVBEIQRWhCAFy8PZg3RGmwVVRlsEXgK9hD0DaoPPRAnEq8PfBLrDNEPaAx4EwcdLBGQEfcNMhHfENUObgpmJ8UebhBZGvoNghBGFi8VEA+7Du0WyxUDE7sSjw3jEeYPHw/mF5USXBEbDvoN1BCnE5ERLxvzFSERGxTKFsYSyBQAF8cSnA5ZEA0OdxXyExcOuBL5EqAZuhWGEWMReQ90En8W6w+7EqIaqBtpDeYO9RfEFJoRLRpxGeIW5x6ID5MWXw5jHAkX2xugHkwPhxL+F+8QMBDLFRkUjRCTE64U/wvJEHcOGRKnEXweQAxcENMW7BRkKhMRdxpiGxAW7RSKEXwZ6Qw8FJUXcBJ/EGsWlhfQE1oS0RPVEhsi3RfgEZkVYw0LELQQFRBrFWMVGw5FG3YVGBSpEpMRhxRhHYAPIhiXEtQSPBvrFH4RmRO1GDYVxxlvFxIPOwuLFwMUtw5sFGcQJx7ODX0R1w7fED8a/xMeEWgRKhwGD50UkhSZDp0UZhaaEkQMGRG+Gz8YOhIrEHsVlBCCDlcR7A67FbUO/gnhEyATPhTaDisR3BHHEpoQkhlJFaYWZw53DsERHxiNEGkUuxYCEZcSERATEuIS3BYPEy8WjyCuDPMXOAx9EOgYmwv9EXkNWgt+ETAPkRmaFrgZeg+PEAcQIA3IE0MOBxT1FpcR+xYOE3cftRTNFA0cNRFVGWoc5g0OESIMdgsIELkbNRNDD+IWTgu4Dl8QTQxZFVoQRwyYC80TzREGFaIcBhpxDMgQwxHqHf0RSQxuEQAZ/g4iEtAWZBaZFOIL7xO/DjwYxxBRFc8SoxO9DtgUCBcMEwwPAxMKEgQSghLKD50QiBL5DqMWOw3+GicfBxGEDmgQxhfjE9wQygm6DVoPlQ8oE5QdnxR5EWAMmQxJDgAPeRL1C7UOCxJfDPARaQ8oFLwNshU9Dq4RRhBUFVYkQg02ESgRwxKWGrkRoBdTEwAQlBkvHMMTEBSTGDEWFxKrEtQaKA+dEhUUtxZ8ECYUTBZmE7YU4hxMEmoSWA9LF+0NKhE+FskNdBRWFwEQfBU5E1QSfQymFZkbHBDWD90UvBSiDOMRkhtGETkSVh7LFzUTlBHyFS4UWRSxDUsSGRP9FCEVPgveENERLwytF0YV1xWaE1YMrxB3IBcPRRUjF+cXWyPeCwYZohGPE8Ab4xXFDjQXuBBLHSYTOA3qEGcVexQCE8gY9BckEToSHRTUDnkQXxB6EkcUnRV8FZ4X8RpmDzUS6g5NHZ4S9RJDEIsP7xDnFy8W4hfBEIkQWBbhGWcQ7BvlFeERrBO/DtcRjRJ0JoMZOyHMDesZjxHvDVkPpBSMFfsOHQ5cE7gYQxyjDw8SMA4LHB0LRhLkDVYQtA9oGFwQRhQgFUoU4hQwGSwVWxVnEKQSAROjEnYOyBb1EqoNfRCfEcYNYxZYEjYUgRjkGiMPJRXEFgkcsgyTHrAXiyDGE04aeQ62EUERMRQuD8oTZRGsJ/QQ3hJTFEofSw8cEF0SHhVaFscWlQyyFbMRWBQwEacQUhS6EAsK1hSmFBYgXhK7EcESGRPxF08WJhL0FvcR/BqECosLYA1qGCcLlQpSFTYU5ArIEQMRORdOEmcUkBoRE1kNDRFyFMMU6xHREYMVRA9uEUYV6RHHEUEUeRSKEiIXZA+xEK0M+hCTHPAUWhrNJjkQmxCsEwATXRYQEjUSwg7iEVMXZxGlFYcVrBRGE9MQexihERoW1BLvEh4O+g7WF0EUFhZ+EhMPwRHbEswQNBjFDSIcNg6KFx0O5BBoGYkUtBK0FxYSSQ9oDakQjRCYFG8T4BMnDp8RcA5NGRceZxH4EYYVNhDwDLUM8RN+ERwUVhFyHEYbJw0TELQPPBbzD0oY8RNMHFMUuRNnH4cbNxbuD4wT3xs7GWQPNRRaHIsUWxstGFMUZxHqDk0PshNkDUkMQhdfFn0kQhQSEmwN4xwVGNYYZBQhFNIRgB93Gh0VZBhwDWoVAg+yDgYj2A7YExwW5g2MFmQQ/g4GFisP+xKIDicT0xWyFVYNRRVIHXIOphG1ENQQIRCKDLwS4xTcFgcWzRIIFccO7BGgC+ENEBVfD5AZEA/2EzsOoyJKF8kPzxOLFI8ZARQpE2cTXRn3Cw0Q9w7qFLIUHxOaExkSeRCQGKwSIBIhGBIPVw5MDmMNYhBkC0cW+wrXFTkUQRd6Dm0TQBvlDGwNeA+2F1YMVhKQFKcW2xJhFaka/hIDD8UXJxHcEDIS/RocILELqw6SD9wRNBamEEsNOhLAFG8Sfw+3E48YkxFBFMQVAxi6E20VrB0ZEBMdjhO5D1wK8BGNEpkSjhW0EbMNtxAbIBoethLIDwoSGRlmEiEPqB2zEAwXNBcXDywWcRIvEfYUmhghFKASNxx+DQAV2xczEpkMrh8CFHQTew7WJT0LfhNjE7kRfxnIDfkP5RTmIB0asQ8KE3Uf1hXnE3MQexCSFHMi2xKQEo4bxBFaEJgPAhWkDyMP1hSrGCsmRQ+1FQAOHw8dEkIWrRI5EKgToA2gDyQSvxI4EzsQtBJ1GEcQkAzLFhwO2hFvEoYUkhB9FbQO4Q1vE1gTfw7lDvwQ3hmIDmQXyA+5C/0TIw5kEewNdg+CFZIR9BlFE38RHhLgC20RphcdFyUPAxVwEa4StBIlEpgTzhaGGccaHBq9E/AYyRU+DvkRFQ1qIncNDA4BE7ATTBhvF90ZlhqnGA4PUB5VD/ITGholFkINtBGSENkONRAeEJoPKhBJEHsV5hMfEuwRxRTbEcMWcA74DncUviHzEmYNmR0aDIoWIxF8Hq4cxhN5EdsNIxCwEdQaJBytDykZpR09DrgYZhCuFGcSiRYMGQYSvhFBEEscbA6hDuwOFBcbEGsZpg8WFP0W0hLHFI0LIRBJFsAV9xPiEssOeBJ0DhYQ5g6eHDENexIbFLcS2RZyE6ITRhGcEeETYw9fEcgRQwxBEdIYxw2bGqUT4gycFs8Y8BPmGKEOmBLgEtkQHBm+FqIPgRC4FJoP0BJxFaUTYQ5JIs0S1QxAE2cRJxKAD/8O+A+aDg4aGhlPE3cSFxSnF7sPNxrVEr4Sdg4VDfMUSxfPGrQUUA71HE8PShX5EekX8RXLGDge2BPtGnkTsBACFGIP0hiPEx4RoBOOFK8RuA4WHHIamhl5DWsPXhQNFGQkwA5eGrwOphpxF3YQ5gwFDrsMMhY/HMkQXxL9FeIOmRbZDi8THw1eHe8TmBpDESsYORiqE2oOvw3BFJ8Q6hGbFCQPxxKjEZ4OcxfKDPkSnRh8FgcZChX1FRkMlxBLGFcOKw04D5wQVgwfF1sUuxSkE+4NNBTEEIQVMh5AFDsa4BKsENcTzgyqCvMUORiSDzMVGBUTEUAQjxIGD/cNuBVmESEaSRbMFx4V6hjqEF4UthHPD3wMtxJoEMoNYRK1EBYNwhJ2Dy0Q1RLKE8wVyhYlE/4TsBCiHqEP4Q1vExgRRxHDECcTpA3MDkcP4wx3DlAP6B0kEGsbsQ7jIGkOmhlJHK0WaxQIEzYQkg8EDbQLjQ0fF6saeRTTE+QXnhJpFD4cDhKuFogTQg+hES8U1hB0DTMRpQyIE5kYGA07IYIdqg+TDp4LYg5zFNIMBROLCaIObhXVEQsRJhH8DkcU9xGzE8ELihBPDx4ZiRK+ELsVDxbWDtkggBAyEdEYvBFrD48RQRPWDxIPQA1KDiUc4xRKDokSSQ6jEDgTPhT+HE0UKxRQCpAQbBVXDq0omxgnFgoMWg3bKpkWGBfyEdkUMBZkGAwWphLZEX8kwx5/C0EPSCFeIHASORLyFwsQBQopE90RAxbwGkwXRA5uDl4OWhSkC3gP2xNUJwYOqBFfFagU2Q8AFYQTihdoDpAODBiQD08Ryw+qDXkQ4g5zDB4PPAxMEVoSpxU7FD8bTBVvDOMU1QwnD+IOPAtWGPMM/hFzE20PqQ5wEa4Oxw75DvUSCBSjGqUSOBD8D7cRaA1JDLMRbhWEGVcOHQ15DTsVQRPQEfIT3R+2FBEYGBF2E0QNGRixEiYcJg+gElQVgA1ZDYcVERaJF5YTRBRxFCYUzxCyEeAR4xSAEUESOw10D10PfhE7DFUUexEGEq0TExf1Di4JVxGEEDIREQzIIZsSgw1sHkoTBxPJEVAewxPKDi0RcQ/JDNUQghWuE4gQzBbxEegU0xKTIKEOOhyZEV4QixdIEmwVmBP2DToRaBx2Db8UYxHiDl4OeAwBFgASEBF0ERkRhBcqFxcYthKgGwcRYwxfEFIQmxRmFdMWaQ+/EiIMBBMyGMIRRBIyGpEQERHAE6gXKhS+HSEXeg8HDMwPQRESD/4SSxQNEG0Ucg8JGDsVPxNQENcRjRJdETMQFAypELgOXw7+Eg8hiQ/0Gr8Z6BMqDLAPyBSxDmcQ9A8PEaUb3BJzD/8RXBSREcELqgwUGVkQAhpLEo4kDBb4Em4UNQ95DjIOexU0FrQWRxkDEN4NeRSWFcwPyhL1FnAXVBVpEVIOsRQFFL8OAAwpDUUROhP5D40RJBiJHIIOiiKUGeYPqgw+IToR/A2QGIAW0xltG/IWEA/wDyQOdw1OH6oNsw1WDa8S2xXlDEcQfhf+EREPZA0UD9MUexBTHukR0gxsEgkRyxDFE1sQFBVVDOgSIhbQEQgOywxbDZYZfxiXEBko2xBwEMMQhBVIDyQR9hv9EtoRsBaKFY8NJxDuFwES8Q46GEAPGxOqGfMUTQyaFsgaoxvYCxgMhRGbD0UUmh8hGLsWDRYZE0YT7Bv0ENkO3BMDFBMN0BDKFEoR4g+QDnsY0QyBEmUM2xLyE0gU+hRyEB0VBxhEGiAZohbAEOgSLR6QJrUQXxX7D8gWEhA3F4kPFhtcDxYSMRO+FKkPGBS4Ff8OLRKSHOcXyg9iDYEUZhX6ERkQmhJAE6cS1A+0FXEXnBt+E40PPBfCDa4SkhTWF/8OuxAEEWkPGhDoEM8R1w4YDQUVsxRZDCANNRIrFHwV0RW5DjoYBReqGWcTSxRvEPoQXxTSC7cPhhbnDRgZTw/GErINLQwbGncWvhMtE10U3RHOEv0SHBdgFyILuw18DVgU0hxFDsETHBagDZYMHxWWFnoXDBRiFEcVlQ1jFN0TmQ9gD7wZkhZ+EdYQ6xq4D04Pkg+tGhcXLw9sEPoQ2w8aHKkXghMMD64NaRG3E1sWmigJDc4QWxc8EckXBxGCEhkW/g6iDSwOwg84E1sOZxQ/DqsSyg4uEQQV7hY3DmYSmxB1ELwW8ReSFawdIhlqFp4StxQlDaoWFhZlEJkSzBO1Fp8PPxCTEW8VlRDqD4QVNhVmEGgODQ9PEP4NOBC/GNsTeBg6EPAYBA0iEcQMlhhnGvUPJxa/Fi8QuRIwDzASfBLCEp0LVRQ3GJ4Pzw4nDnQR8Q+BHxIeQg2sD9ET/R7aENMVZAwYDaMSdRSnD8AWRxr6DvUdQSQ6EeUO9BCOD5YULA/yGdEU3wqXGf8YwhalE1EShRCFJQQOrRPOD1IQhQq/EIMUfxGWE9cNgxHREKMVeQxKIj0d5RCWEYERIQu5FI4clhtcDsMO8BX0DNELcxscFvcVKRNsE+kX/hNwEowRcQ0WEpUZIRLtC4gQpBRnEfQUYRegEqQZFxa1F/oYwg3HFTsQvBdCEVMNLCW6Ep0SMA2VFWcP9Q7iFAkPhBYwITMS0BFLEzcRZQ9/DOYRbhGIEWkPvxQdEjUdpgx0DBIQyBfTFRkTGA8EHjYRRgwzFj8MAhP5D/EaYhIHDcYaTBK4GocZPRgVEmQP4BJiJSAPYA8JFDENgRJ0Edcl1B/MDL8QrAy/D0URlhEcFcQTnhhyDwwTFhIgEgkKmxCCDPcQ6Q5MD3kQkBRNDy4UYw+fEiQVzhPWDYMRRAxVDuYLJRKEDUkQTReADvUQtAxmE6IL+RCYD28T+hJND0IdLxEmEOsdsxQ"
    }
  },
  "results": {
    "root//:dir1": {
      "configured": {
        "root//:platform#<HASH>": {
          "configured_graph_size": 1,
          "errors": [],
          "other_outputs": {},
          "outputs": {
            "DEFAULT": [
              "buck-out/v2/gen/root/<HASH>/__dir1__/out"
            ]
          },
          "success": "SUCCESS"
        }
      },
      "configured_graph_size": 1,
      "errors": [],
      "other_outputs": {},
      "outputs": {
        "DEFAULT": [
          "buck-out/v2/gen/root/<HASH>/__dir1__/out"
        ]
      },
      "success": "SUCCESS"
    },
    "root//:rule1": {
      "configured": {
        "root//:platform#<HASH>": {
          "configured_graph_size": 2,
          "errors": [],
          "other_outputs": {},
          "outputs": {
            "DEFAULT": [
              "buck-out/v2/gen/root/<HASH>/__rule1__/out.txt"
            ]
          },
          "success": "SUCCESS"
        }
      },
      "configured_graph_size": 2,
      "errors": [],
      "other_outputs": {},
      "outputs": {
        "DEFAULT": [
          "buck-out/v2/gen/root/<HASH>/__rule1__/out.txt"
        ]
      },
      "success": "SUCCESS"
    },
    "root//subdir:rule": {
      "configured": {
        "root//:platform#<HASH>": {
          "configured_graph_size": 1,
          "errors": [],
          "other_outputs": {},
          "outputs": {
            "DEFAULT": [
              "buck-out/v2/gen/root/<HASH>/subdir/__rule__/out.txt"
            ]
          },
          "success": "SUCCESS"
        }
      },
      "configured_graph_size": 1,
      "errors": [],
      "other_outputs": {},
      "outputs": {
        "DEFAULT": [
          "buck-out/v2/gen/root/<HASH>/subdir/__rule__/out.txt"
        ]
      },
      "success": "SUCCESS"
    }
  },
  "strings": {},
  "success": true,
  "truncated": false
}
