# This file is @generated, regenerate by re-running test with `-- --env BUCK2_UPDATE_GOLDEN=1` appended to the test command

--show-output
root//:dummy?root//:macos+root//:arm buck-out/v2/gen/root/bcbea36e681b4be1/__dummy__/dummy.txt


--show-full-output
root//:dummy?root//:macos+root//:arm /abs/project/root/buck-out/v2/gen/root/bcbea36e681b4be1/__dummy__/dummy.txt


--show-simple-output
buck-out/v2/gen/root/bcbea36e681b4be1/__dummy__/dummy.txt


--show-full-simple-output
/abs/project/root/buck-out/v2/gen/root/bcbea36e681b4be1/__dummy__/dummy.txt


--show-json-output
{"root//:dummy?root//:macos+root//:arm":"buck-out/v2/gen/root/bcbea36e681b4be1/__dummy__/dummy.txt"}


--show-full-json-output
{"root//:dummy?root//:macos+root//:arm":"/abs/project/root/buck-out/v2/gen/root/bcbea36e681b4be1/__dummy__/dummy.txt"}
