# This file is @generated, regenerate by re-running test with `-- --env BUCK2_UPDATE_GOLDEN=1` appended to the test command

{
  "error_category": "USER",
  "failures": {
    "root//:doesnt_exist": "Unknown target `<TARGET>` from package <IRRELEVANT>"
  },
  "results": {
    "root//:doesnt_exist": {
      "configured": {},
      "configured_graph_size": null,
      "errors": [
        {
          "action_error": null,
          "cause_index": 0,
          "error_tags": [
            "MISSING_TARGET"
          ],
          "message_content": "<STRING_HASH>"
        }
      ],
      "other_outputs": {},
      "outputs": {},
      "success": "FAIL"
    }
  },
  "strings": {
    "<STRING_HASH>": "Unknown target `<TARGET>` from package <IRRELEVANT>"
  },
  "success": false,
  "truncated": false
}
